2026-09-04 21:44:12,278 - aqt.main - INFO - installer 124493740646912 aqtinstall(aqt) v3.3.0 on Python 3.14.4 [CPython GCC 15.2.0]
2026-09-04 21:44:12,279 - aqt.helper - DEBUG - helper 124493740646912 Attempt to download checksum at https://download.qt.io/online/qtsdkrepository/linux_x64/desktop/qt6_673/Updates.xml.sha256
2026-09-04 21:44:15,719 - aqt.helper - DEBUG - helper 129707611664896 Attempt to download checksum at https://download.qt.io/online/qtsdkrepository/linux_x64/desktop/qt6_673/qt.qt6.673.addons.qtimageformats.linux_gcc_64/6.7.3-0-202409200836qtimageformats-Linux-RHEL_8_8-GCC-Linux-RHEL_8_8-X86_64.7z.sha256
2026-09-04 21:44:15,720 - aqt.helper - DEBUG - helper 126917376868864 Attempt to download checksum at https://download.qt.io/online/qtsdkrepository/linux_x64/desktop/qt6_673/qt.qt6.673.linux_gcc_64/6.7.3-0-202409200836qtbase-Linux-RHEL_8_8-GCC-Linux-RHEL_8_8-X86_64.7z.sha256
2026-09-04 21:44:15,729 - aqt.helper - DEBUG - helper 136244886102528 Attempt to download checksum at https://download.qt.io/online/qtsdkrepository/linux_x64/desktop/qt6_673/qt.qt6.673.linux_gcc_64/6.7.3-0-202409200836qtsvg-Linux-RHEL_8_8-GCC-Linux-RHEL_8_8-X86_64.7z.sha256
2026-09-04 21:44:15,780 - aqt.helper - DEBUG - helper 136138785260032 Attempt to download checksum at https://download.qt.io/online/qtsdkrepository/linux_x64/desktop/qt6_673/qt.qt6.673.linux_gcc_64/6.7.3-0-202409200836qtdeclarative-Linux-RHEL_8_8-GCC-Linux-RHEL_8_8-X86_64.7z.sha256
2026-09-04 21:44:16,563 - aqt.helper - INFO - helper 136244886102528 Downloading qtsvg...
2026-09-04 21:44:16,563 - aqt.installer - DEBUG - installer 136244886102528 Download URL: https://download.qt.io/online/qtsdkrepository/linux_x64/desktop/qt6_673/qt.qt6.673.linux_gcc_64/6.7.3-0-202409200836qtsvg-Linux-RHEL_8_8-GCC-Linux-RHEL_8_8-X86_64.7z
2026-09-04 21:44:16,573 - aqt.helper - INFO - helper 126917376868864 Downloading qtbase...
2026-09-04 21:44:16,573 - aqt.installer - DEBUG - installer 126917376868864 Download URL: https://download.qt.io/online/qtsdkrepository/linux_x64/desktop/qt6_673/qt.qt6.673.linux_gcc_64/6.7.3-0-202409200836qtbase-Linux-RHEL_8_8-GCC-Linux-RHEL_8_8-X86_64.7z
2026-09-04 21:44:16,618 - aqt.helper - INFO - helper 129707611664896 Downloading qtimageformats...
2026-09-04 21:44:16,618 - aqt.helper - INFO - helper 136138785260032 Downloading qtdeclarative...
2026-09-04 21:44:16,618 - aqt.installer - DEBUG - installer 129707611664896 Download URL: https://download.qt.io/online/qtsdkrepository/linux_x64/desktop/qt6_673/qt.qt6.673.addons.qtimageformats.linux_gcc_64/6.7.3-0-202409200836qtimageformats-Linux-RHEL_8_8-GCC-Linux-RHEL_8_8-X86_64.7z
2026-09-04 21:44:16,618 - aqt.installer - DEBUG - installer 136138785260032 Download URL: https://download.qt.io/online/qtsdkrepository/linux_x64/desktop/qt6_673/qt.qt6.673.linux_gcc_64/6.7.3-0-202409200836qtdeclarative-Linux-RHEL_8_8-GCC-Linux-RHEL_8_8-X86_64.7z
2026-09-04 21:44:17,375 - aqt.helper - DEBUG - helper 136244886102528 Asked to redirect(302) to: https://mirror.maeen.sa/qtproject/online/qtsdkrepository/linux_x64/desktop/qt6_673/qt.qt6.673.linux_gcc_64/6.7.3-0-202409200836qtsvg-Linux-RHEL_8_8-GCC-Linux-RHEL_8_8-X86_64.7z
2026-09-04 21:44:17,375 - aqt.helper - INFO - helper 136244886102528 Redirected: mirror.maeen.sa
2026-09-04 21:44:17,448 - aqt.helper - DEBUG - helper 126917376868864 Asked to redirect(302) to: https://mirror.maeen.sa/qtproject/online/qtsdkrepository/linux_x64/desktop/qt6_673/qt.qt6.673.linux_gcc_64/6.7.3-0-202409200836qtbase-Linux-RHEL_8_8-GCC-Linux-RHEL_8_8-X86_64.7z
2026-09-04 21:44:17,449 - aqt.helper - INFO - helper 126917376868864 Redirected: mirror.maeen.sa
2026-09-04 21:44:17,493 - aqt.helper - DEBUG - helper 129707611664896 Asked to redirect(302) to: https://mirror.maeen.sa/qtproject/online/qtsdkrepository/linux_x64/desktop/qt6_673/qt.qt6.673.addons.qtimageformats.linux_gcc_64/6.7.3-0-202409200836qtimageformats-Linux-RHEL_8_8-GCC-Linux-RHEL_8_8-X86_64.7z
2026-09-04 21:44:17,493 - aqt.helper - INFO - helper 129707611664896 Redirected: mirror.maeen.sa
2026-09-04 21:44:17,559 - aqt.helper - DEBUG - helper 136138785260032 Asked to redirect(302) to: https://mirror.maeen.sa/qtproject/online/qtsdkrepository/linux_x64/desktop/qt6_673/qt.qt6.673.linux_gcc_64/6.7.3-0-202409200836qtdeclarative-Linux-RHEL_8_8-GCC-Linux-RHEL_8_8-X86_64.7z
2026-09-04 21:44:17,559 - aqt.helper - INFO - helper 136138785260032 Redirected: mirror.maeen.sa
2026-09-04 21:44:21,076 - aqt.installer - INFO - installer 136244886102528 Finished installation of qtsvg-Linux-RHEL_8_8-GCC-Linux-RHEL_8_8-X86_64.7z in 5.35059978
2026-09-04 21:44:21,097 - aqt.helper - DEBUG - helper 136244886102528 Attempt to download checksum at https://download.qt.io/online/qtsdkrepository/linux_x64/desktop/qt6_673/qt.qt6.673.linux_gcc_64/6.7.3-0-202409200836qttools-Linux-RHEL_8_8-GCC-Linux-RHEL_8_8-X86_64.7z.sha256
2026-09-04 21:44:21,173 - aqt.installer - INFO - installer 129707611664896 Finished installation of qtimageformats-Linux-RHEL_8_8-GCC-Linux-RHEL_8_8-X86_64.7z in 5.45578474
2026-09-04 21:44:21,200 - aqt.helper - DEBUG - helper 129707611664896 Attempt to download checksum at https://download.qt.io/online/qtsdkrepository/linux_x64/desktop/qt6_673/qt.qt6.673.linux_gcc_64/6.7.3-0-202409200836qttranslations-Linux-RHEL_8_8-GCC-Linux-RHEL_8_8-X86_64.7z.sha256
2026-09-04 21:44:22,399 - aqt.helper - INFO - helper 136244886102528 Downloading qttools...
2026-09-04 21:44:22,399 - aqt.installer - DEBUG - installer 136244886102528 Download URL: https://download.qt.io/online/qtsdkrepository/linux_x64/desktop/qt6_673/qt.qt6.673.linux_gcc_64/6.7.3-0-202409200836qttools-Linux-RHEL_8_8-GCC-Linux-RHEL_8_8-X86_64.7z
2026-09-04 21:44:22,439 - aqt.helper - INFO - helper 129707611664896 Downloading qttranslations...
2026-09-04 21:44:22,439 - aqt.installer - DEBUG - installer 129707611664896 Download URL: https://download.qt.io/online/qtsdkrepository/linux_x64/desktop/qt6_673/qt.qt6.673.linux_gcc_64/6.7.3-0-202409200836qttranslations-Linux-RHEL_8_8-GCC-Linux-RHEL_8_8-X86_64.7z
2026-09-04 21:44:23,525 - aqt.helper - DEBUG - helper 129707611664896 Asked to redirect(302) to: https://mirror.maeen.sa/qtproject/online/qtsdkrepository/linux_x64/desktop/qt6_673/qt.qt6.673.linux_gcc_64/6.7.3-0-202409200836qttranslations-Linux-RHEL_8_8-GCC-Linux-RHEL_8_8-X86_64.7z
2026-09-04 21:44:23,525 - aqt.helper - INFO - helper 129707611664896 Redirected: mirror.maeen.sa
2026-09-04 21:44:23,560 - aqt.helper - DEBUG - helper 136244886102528 Asked to redirect(302) to: https://mirror.maeen.sa/qtproject/online/qtsdkrepository/linux_x64/desktop/qt6_673/qt.qt6.673.linux_gcc_64/6.7.3-0-202409200836qttools-Linux-RHEL_8_8-GCC-Linux-RHEL_8_8-X86_64.7z
2026-09-04 21:44:23,560 - aqt.helper - INFO - helper 136244886102528 Redirected: mirror.maeen.sa
2026-09-04 21:44:32,562 - aqt.installer - INFO - installer 129707611664896 Finished installation of qttranslations-Linux-RHEL_8_8-GCC-Linux-RHEL_8_8-X86_64.7z in 11.36361293
2026-09-04 21:44:32,576 - aqt.helper - DEBUG - helper 129707611664896 Attempt to download checksum at https://download.qt.io/online/qtsdkrepository/linux_x64/desktop/qt6_673/qt.qt6.673.linux_gcc_64/6.7.3-0-202409200836qtwayland-Linux-RHEL_8_8-GCC-Linux-RHEL_8_8-X86_64.7z.sha256
2026-09-04 21:44:36,317 - aqt.helper - INFO - helper 129707611664896 Downloading qtwayland...
2026-09-04 21:44:36,318 - aqt.installer - DEBUG - installer 129707611664896 Download URL: https://download.qt.io/online/qtsdkrepository/linux_x64/desktop/qt6_673/qt.qt6.673.linux_gcc_64/6.7.3-0-202409200836qtwayland-Linux-RHEL_8_8-GCC-Linux-RHEL_8_8-X86_64.7z
2026-09-04 21:44:38,946 - aqt.helper - DEBUG - helper 129707611664896 Asked to redirect(302) to: https://mirror.maeen.sa/qtproject/online/qtsdkrepository/linux_x64/desktop/qt6_673/qt.qt6.673.linux_gcc_64/6.7.3-0-202409200836qtwayland-Linux-RHEL_8_8-GCC-Linux-RHEL_8_8-X86_64.7z
2026-09-04 21:44:38,947 - aqt.helper - INFO - helper 129707611664896 Redirected: mirror.maeen.sa
2026-09-04 21:44:42,381 - aqt.installer - INFO - installer 126917376868864 Finished installation of qtbase-Linux-RHEL_8_8-GCC-Linux-RHEL_8_8-X86_64.7z in 26.66207932
2026-09-04 21:44:42,404 - aqt.helper - DEBUG - helper 126917376868864 Attempt to download checksum at https://download.qt.io/online/qtsdkrepository/linux_x64/desktop/qt6_673/qt.qt6.673.linux_gcc_64/6.7.3-0-202409200836icu-linux-Rhel8.6-x86_64.7z.sha256
2026-09-04 21:44:45,571 - aqt.helper - INFO - helper 126917376868864 Downloading icu...
2026-09-04 21:44:45,571 - aqt.installer - DEBUG - installer 126917376868864 Download URL: https://download.qt.io/online/qtsdkrepository/linux_x64/desktop/qt6_673/qt.qt6.673.linux_gcc_64/6.7.3-0-202409200836icu-linux-Rhel8.6-x86_64.7z
2026-09-04 21:44:48,374 - aqt.helper - DEBUG - helper 126917376868864 Asked to redirect(302) to: https://mirror.maeen.sa/qtproject/online/qtsdkrepository/linux_x64/desktop/qt6_673/qt.qt6.673.linux_gcc_64/6.7.3-0-202409200836icu-linux-Rhel8.6-x86_64.7z
2026-09-04 21:44:48,374 - aqt.helper - INFO - helper 126917376868864 Redirected: mirror.maeen.sa
2026-09-04 21:45:13,906 - aqt.installer - INFO - installer 129707611664896 Finished installation of qtwayland-Linux-RHEL_8_8-GCC-Linux-RHEL_8_8-X86_64.7z in 41.33147957
2026-09-04 21:45:20,361 - aqt.installer - INFO - installer 126917376868864 Finished installation of icu-linux-Rhel8.6-x86_64.7z in 37.95891944
2026-09-04 21:45:20,379 - aqt.installer - WARNING - installer 124493740646912 Caught ArchiveDownloadError, terminating installer workers
2026-09-04 21:45:20,392 - aqt.main - ERROR - installer 124493740646912 Download of 6.7.3-0-202409200836qttools-Linux-RHEL_8_8-GCC-Linux-RHEL_8_8-X86_64.7z has error: HTTPSConnectionPool(host='mirror.maeen.sa', port=443): Read timed out.
2026-09-04 21:46:58,499 - aqt.main - INFO - installer 136117625684480 aqtinstall(aqt) v3.3.0 on Python 3.14.4 [CPython GCC 15.2.0]
2026-09-04 21:46:58,500 - aqt.helper - DEBUG - helper 136117625684480 Attempt to download checksum at https://download.qt.io/online/qtsdkrepository/linux_x64/desktop/qt6_673/Updates.xml.sha256
2026-09-04 21:47:00,999 - aqt.helper - DEBUG - helper 128467527635456 Attempt to download checksum at https://download.qt.io/online/qtsdkrepository/linux_x64/desktop/qt6_673/qt.qt6.673.linux_gcc_64/6.7.3-0-202409200836qtsvg-Linux-RHEL_8_8-GCC-Linux-RHEL_8_8-X86_64.7z.sha256
2026-09-04 21:47:00,999 - aqt.helper - DEBUG - helper 139447903093248 Attempt to download checksum at https://download.qt.io/online/qtsdkrepository/linux_x64/desktop/qt6_673/qt.qt6.673.linux_gcc_64/6.7.3-0-202409200836qtbase-Linux-RHEL_8_8-GCC-Linux-RHEL_8_8-X86_64.7z.sha256
2026-09-04 21:47:00,999 - aqt.helper - DEBUG - helper 127282292994560 Attempt to download checksum at https://download.qt.io/online/qtsdkrepository/linux_x64/desktop/qt6_673/qt.qt6.673.addons.qtimageformats.linux_gcc_64/6.7.3-0-202409200836qtimageformats-Linux-RHEL_8_8-GCC-Linux-RHEL_8_8-X86_64.7z.sha256
2026-09-04 21:47:01,007 - aqt.helper - DEBUG - helper 128416411902464 Attempt to download checksum at https://download.qt.io/online/qtsdkrepository/linux_x64/desktop/qt6_673/qt.qt6.673.linux_gcc_64/6.7.3-0-202409200836qtdeclarative-Linux-RHEL_8_8-GCC-Linux-RHEL_8_8-X86_64.7z.sha256
2026-09-04 21:47:01,880 - aqt.helper - INFO - helper 139447903093248 Downloading qtbase...
2026-09-04 21:47:01,880 - aqt.installer - DEBUG - installer 139447903093248 Download URL: https://download.qt.io/online/qtsdkrepository/linux_x64/desktop/qt6_673/qt.qt6.673.linux_gcc_64/6.7.3-0-202409200836qtbase-Linux-RHEL_8_8-GCC-Linux-RHEL_8_8-X86_64.7z
2026-09-04 21:47:01,931 - aqt.helper - INFO - helper 127282292994560 Downloading qtimageformats...
2026-09-04 21:47:01,931 - aqt.helper - INFO - helper 128416411902464 Downloading qtdeclarative...
2026-09-04 21:47:01,931 - aqt.installer - DEBUG - installer 128416411902464 Download URL: https://download.qt.io/online/qtsdkrepository/linux_x64/desktop/qt6_673/qt.qt6.673.linux_gcc_64/6.7.3-0-202409200836qtdeclarative-Linux-RHEL_8_8-GCC-Linux-RHEL_8_8-X86_64.7z
2026-09-04 21:47:01,931 - aqt.installer - DEBUG - installer 127282292994560 Download URL: https://download.qt.io/online/qtsdkrepository/linux_x64/desktop/qt6_673/qt.qt6.673.addons.qtimageformats.linux_gcc_64/6.7.3-0-202409200836qtimageformats-Linux-RHEL_8_8-GCC-Linux-RHEL_8_8-X86_64.7z
2026-09-04 21:47:01,971 - aqt.helper - INFO - helper 128467527635456 Downloading qtsvg...
2026-09-04 21:47:01,972 - aqt.installer - DEBUG - installer 128467527635456 Download URL: https://download.qt.io/online/qtsdkrepository/linux_x64/desktop/qt6_673/qt.qt6.673.linux_gcc_64/6.7.3-0-202409200836qtsvg-Linux-RHEL_8_8-GCC-Linux-RHEL_8_8-X86_64.7z
2026-09-04 21:47:02,779 - aqt.helper - DEBUG - helper 139447903093248 Asked to redirect(302) to: https://mirror.maeen.sa/qtproject/online/qtsdkrepository/linux_x64/desktop/qt6_673/qt.qt6.673.linux_gcc_64/6.7.3-0-202409200836qtbase-Linux-RHEL_8_8-GCC-Linux-RHEL_8_8-X86_64.7z
2026-09-04 21:47:02,780 - aqt.helper - INFO - helper 139447903093248 Redirected: mirror.maeen.sa
2026-09-04 21:47:02,954 - aqt.helper - DEBUG - helper 128416411902464 Asked to redirect(302) to: https://mirror.maeen.sa/qtproject/online/qtsdkrepository/linux_x64/desktop/qt6_673/qt.qt6.673.linux_gcc_64/6.7.3-0-202409200836qtdeclarative-Linux-RHEL_8_8-GCC-Linux-RHEL_8_8-X86_64.7z
2026-09-04 21:47:02,954 - aqt.helper - INFO - helper 128416411902464 Redirected: mirror.maeen.sa
2026-09-04 21:47:02,978 - aqt.helper - DEBUG - helper 128467527635456 Asked to redirect(302) to: https://mirror.maeen.sa/qtproject/online/qtsdkrepository/linux_x64/desktop/qt6_673/qt.qt6.673.linux_gcc_64/6.7.3-0-202409200836qtsvg-Linux-RHEL_8_8-GCC-Linux-RHEL_8_8-X86_64.7z
2026-09-04 21:47:02,979 - aqt.helper - INFO - helper 128467527635456 Redirected: mirror.maeen.sa
2026-09-04 21:47:02,999 - aqt.helper - DEBUG - helper 127282292994560 Asked to redirect(302) to: https://mirror.maeen.sa/qtproject/online/qtsdkrepository/linux_x64/desktop/qt6_673/qt.qt6.673.addons.qtimageformats.linux_gcc_64/6.7.3-0-202409200836qtimageformats-Linux-RHEL_8_8-GCC-Linux-RHEL_8_8-X86_64.7z
2026-09-04 21:47:02,999 - aqt.helper - INFO - helper 127282292994560 Redirected: mirror.maeen.sa
2026-09-04 21:47:04,856 - aqt.installer - INFO - installer 128467527635456 Finished installation of qtsvg-Linux-RHEL_8_8-GCC-Linux-RHEL_8_8-X86_64.7z in 3.85986449
2026-09-04 21:47:04,886 - aqt.helper - DEBUG - helper 128467527635456 Attempt to download checksum at https://download.qt.io/online/qtsdkrepository/linux_x64/desktop/qt6_673/qt.qt6.673.linux_gcc_64/6.7.3-0-202409200836qttools-Linux-RHEL_8_8-GCC-Linux-RHEL_8_8-X86_64.7z.sha256
2026-09-04 21:47:05,758 - aqt.installer - INFO - installer 127282292994560 Finished installation of qtimageformats-Linux-RHEL_8_8-GCC-Linux-RHEL_8_8-X86_64.7z in 4.76111339
2026-09-04 21:47:05,789 - aqt.helper - DEBUG - helper 127282292994560 Attempt to download checksum at https://download.qt.io/online/qtsdkrepository/linux_x64/desktop/qt6_673/qt.qt6.673.linux_gcc_64/6.7.3-0-202409200836qttranslations-Linux-RHEL_8_8-GCC-Linux-RHEL_8_8-X86_64.7z.sha256
2026-09-04 21:47:05,799 - aqt.helper - INFO - helper 128467527635456 Downloading qttools...
2026-09-04 21:47:05,800 - aqt.installer - DEBUG - installer 128467527635456 Download URL: https://download.qt.io/online/qtsdkrepository/linux_x64/desktop/qt6_673/qt.qt6.673.linux_gcc_64/6.7.3-0-202409200836qttools-Linux-RHEL_8_8-GCC-Linux-RHEL_8_8-X86_64.7z
2026-09-04 21:47:06,899 - aqt.helper - INFO - helper 127282292994560 Downloading qttranslations...
2026-09-04 21:47:06,899 - aqt.installer - DEBUG - installer 127282292994560 Download URL: https://download.qt.io/online/qtsdkrepository/linux_x64/desktop/qt6_673/qt.qt6.673.linux_gcc_64/6.7.3-0-202409200836qttranslations-Linux-RHEL_8_8-GCC-Linux-RHEL_8_8-X86_64.7z
2026-09-04 21:47:06,982 - aqt.helper - DEBUG - helper 128467527635456 Asked to redirect(302) to: https://mirror.maeen.sa/qtproject/online/qtsdkrepository/linux_x64/desktop/qt6_673/qt.qt6.673.linux_gcc_64/6.7.3-0-202409200836qttools-Linux-RHEL_8_8-GCC-Linux-RHEL_8_8-X86_64.7z
2026-09-04 21:47:06,982 - aqt.helper - INFO - helper 128467527635456 Redirected: mirror.maeen.sa
2026-09-04 21:47:07,749 - aqt.helper - DEBUG - helper 127282292994560 Asked to redirect(302) to: https://mirror.maeen.sa/qtproject/online/qtsdkrepository/linux_x64/desktop/qt6_673/qt.qt6.673.linux_gcc_64/6.7.3-0-202409200836qttranslations-Linux-RHEL_8_8-GCC-Linux-RHEL_8_8-X86_64.7z
2026-09-04 21:47:07,749 - aqt.helper - INFO - helper 127282292994560 Redirected: mirror.maeen.sa
2026-09-04 21:47:15,032 - aqt.installer - INFO - installer 127282292994560 Finished installation of qttranslations-Linux-RHEL_8_8-GCC-Linux-RHEL_8_8-X86_64.7z in 9.24494763
2026-09-04 21:47:15,055 - aqt.helper - DEBUG - helper 127282292994560 Attempt to download checksum at https://download.qt.io/online/qtsdkrepository/linux_x64/desktop/qt6_673/qt.qt6.673.linux_gcc_64/6.7.3-0-202409200836qtwayland-Linux-RHEL_8_8-GCC-Linux-RHEL_8_8-X86_64.7z.sha256
2026-09-04 21:47:17,962 - aqt.helper - INFO - helper 127282292994560 Downloading qtwayland...
2026-09-04 21:47:17,962 - aqt.installer - DEBUG - installer 127282292994560 Download URL: https://download.qt.io/online/qtsdkrepository/linux_x64/desktop/qt6_673/qt.qt6.673.linux_gcc_64/6.7.3-0-202409200836qtwayland-Linux-RHEL_8_8-GCC-Linux-RHEL_8_8-X86_64.7z
2026-09-04 21:47:25,300 - aqt.helper - DEBUG - helper 127282292994560 Asked to redirect(302) to: https://mirror.maeen.sa/qtproject/online/qtsdkrepository/linux_x64/desktop/qt6_673/qt.qt6.673.linux_gcc_64/6.7.3-0-202409200836qtwayland-Linux-RHEL_8_8-GCC-Linux-RHEL_8_8-X86_64.7z
2026-09-04 21:47:25,300 - aqt.helper - INFO - helper 127282292994560 Redirected: mirror.maeen.sa
2026-09-04 21:47:30,484 - aqt.installer - INFO - installer 139447903093248 Finished installation of qtbase-Linux-RHEL_8_8-GCC-Linux-RHEL_8_8-X86_64.7z in 29.48882610
2026-09-04 21:47:30,517 - aqt.helper - DEBUG - helper 139447903093248 Attempt to download checksum at https://download.qt.io/online/qtsdkrepository/linux_x64/desktop/qt6_673/qt.qt6.673.linux_gcc_64/6.7.3-0-202409200836icu-linux-Rhel8.6-x86_64.7z.sha256
2026-09-04 21:47:37,464 - aqt.helper - INFO - helper 139447903093248 Downloading icu...
2026-09-04 21:47:37,465 - aqt.installer - DEBUG - installer 139447903093248 Download URL: https://download.qt.io/online/qtsdkrepository/linux_x64/desktop/qt6_673/qt.qt6.673.linux_gcc_64/6.7.3-0-202409200836icu-linux-Rhel8.6-x86_64.7z
2026-09-04 21:47:42,490 - aqt.helper - DEBUG - helper 139447903093248 Asked to redirect(302) to: https://mirror.maeen.sa/qtproject/online/qtsdkrepository/linux_x64/desktop/qt6_673/qt.qt6.673.linux_gcc_64/6.7.3-0-202409200836icu-linux-Rhel8.6-x86_64.7z
2026-09-04 21:47:42,490 - aqt.helper - INFO - helper 139447903093248 Redirected: mirror.maeen.sa
2026-09-04 21:47:42,521 - aqt.installer - INFO - installer 127282292994560 Finished installation of qtwayland-Linux-RHEL_8_8-GCC-Linux-RHEL_8_8-X86_64.7z in 27.46748772
2026-09-04 21:47:54,689 - aqt.installer - INFO - installer 128467527635456 Finished installation of qttools-Linux-RHEL_8_8-GCC-Linux-RHEL_8_8-X86_64.7z in 49.80403766
2026-09-04 21:48:13,268 - aqt.installer - INFO - installer 139447903093248 Finished installation of icu-linux-Rhel8.6-x86_64.7z in 42.75197851
2026-09-04 21:48:32,540 - aqt.installer - INFO - installer 128416411902464 Finished installation of qtdeclarative-Linux-RHEL_8_8-GCC-Linux-RHEL_8_8-X86_64.7z in 91.53579619
2026-09-04 21:48:32,989 - aqt.updater - INFO - updater 136117625684480 Patching /tmp/qt6/6.7.3/gcc_64/bin/qmake
2026-09-04 21:48:32,992 - aqt.updater - INFO - updater 136117625684480 Patching /tmp/qt6/6.7.3/gcc_64/lib/pkgconfig/Qt6QuickWidgets.pc
2026-09-04 21:48:32,992 - aqt.updater - INFO - updater 136117625684480 Patching /tmp/qt6/6.7.3/gcc_64/lib/pkgconfig/Qt6QuickTest.pc
2026-09-04 21:48:32,993 - aqt.updater - INFO - updater 136117625684480 Patching /tmp/qt6/6.7.3/gcc_64/lib/pkgconfig/Qt6QuickTemplates2.pc
2026-09-04 21:48:32,993 - aqt.updater - INFO - updater 136117625684480 Patching /tmp/qt6/6.7.3/gcc_64/lib/pkgconfig/Qt6QuickLayouts.pc
2026-09-04 21:48:32,993 - aqt.updater - INFO - updater 136117625684480 Patching /tmp/qt6/6.7.3/gcc_64/lib/pkgconfig/Qt6QuickDialogs2Utils.pc
2026-09-04 21:48:32,993 - aqt.updater - INFO - updater 136117625684480 Patching /tmp/qt6/6.7.3/gcc_64/lib/pkgconfig/Qt6QuickDialogs2QuickImpl.pc
2026-09-04 21:48:32,993 - aqt.updater - INFO - updater 136117625684480 Patching /tmp/qt6/6.7.3/gcc_64/lib/pkgconfig/Qt6QuickDialogs2.pc
2026-09-04 21:48:32,993 - aqt.updater - INFO - updater 136117625684480 Patching /tmp/qt6/6.7.3/gcc_64/lib/pkgconfig/Qt6QuickControls2UniversalStyleImpl.pc
2026-09-04 21:48:32,994 - aqt.updater - INFO - updater 136117625684480 Patching /tmp/qt6/6.7.3/gcc_64/lib/pkgconfig/Qt6QuickControls2Universal.pc
2026-09-04 21:48:32,994 - aqt.updater - INFO - updater 136117625684480 Patching /tmp/qt6/6.7.3/gcc_64/lib/pkgconfig/Qt6QuickControls2MaterialStyleImpl.pc
2026-09-04 21:48:32,994 - aqt.updater - INFO - updater 136117625684480 Patching /tmp/qt6/6.7.3/gcc_64/lib/pkgconfig/Qt6QuickControls2Material.pc
2026-09-04 21:48:32,994 - aqt.updater - INFO - updater 136117625684480 Patching /tmp/qt6/6.7.3/gcc_64/lib/pkgconfig/Qt6QuickControls2Impl.pc
2026-09-04 21:48:32,995 - aqt.updater - INFO - updater 136117625684480 Patching /tmp/qt6/6.7.3/gcc_64/lib/pkgconfig/Qt6QuickControls2ImagineStyleImpl.pc
2026-09-04 21:48:32,995 - aqt.updater - INFO - updater 136117625684480 Patching /tmp/qt6/6.7.3/gcc_64/lib/pkgconfig/Qt6QuickControls2Imagine.pc
2026-09-04 21:48:32,995 - aqt.updater - INFO - updater 136117625684480 Patching /tmp/qt6/6.7.3/gcc_64/lib/pkgconfig/Qt6QuickControls2FusionStyleImpl.pc
2026-09-04 21:48:32,995 - aqt.updater - INFO - updater 136117625684480 Patching /tmp/qt6/6.7.3/gcc_64/lib/pkgconfig/Qt6QuickControls2Fusion.pc
2026-09-04 21:48:32,995 - aqt.updater - INFO - updater 136117625684480 Patching /tmp/qt6/6.7.3/gcc_64/lib/pkgconfig/Qt6QuickControls2BasicStyleImpl.pc
2026-09-04 21:48:32,995 - aqt.updater - INFO - updater 136117625684480 Patching /tmp/qt6/6.7.3/gcc_64/lib/pkgconfig/Qt6QuickControls2Basic.pc
2026-09-04 21:48:32,995 - aqt.updater - INFO - updater 136117625684480 Patching /tmp/qt6/6.7.3/gcc_64/lib/pkgconfig/Qt6QuickControls2.pc
2026-09-04 21:48:32,995 - aqt.updater - INFO - updater 136117625684480 Patching /tmp/qt6/6.7.3/gcc_64/lib/pkgconfig/Qt6Quick.pc
2026-09-04 21:48:32,996 - aqt.updater - INFO - updater 136117625684480 Patching /tmp/qt6/6.7.3/gcc_64/lib/pkgconfig/Qt6QmlXmlListModel.pc
2026-09-04 21:48:32,996 - aqt.updater - INFO - updater 136117625684480 Patching /tmp/qt6/6.7.3/gcc_64/lib/pkgconfig/Qt6QmlWorkerScript.pc
2026-09-04 21:48:32,996 - aqt.updater - INFO - updater 136117625684480 Patching /tmp/qt6/6.7.3/gcc_64/lib/pkgconfig/Qt6QmlNetwork.pc
2026-09-04 21:48:32,996 - aqt.updater - INFO - updater 136117625684480 Patching /tmp/qt6/6.7.3/gcc_64/lib/pkgconfig/Qt6QmlModels.pc
2026-09-04 21:48:32,996 - aqt.updater - INFO - updater 136117625684480 Patching /tmp/qt6/6.7.3/gcc_64/lib/pkgconfig/Qt6QmlLocalStorage.pc
2026-09-04 21:48:32,996 - aqt.updater - INFO - updater 136117625684480 Patching /tmp/qt6/6.7.3/gcc_64/lib/pkgconfig/Qt6QmlIntegration.pc
2026-09-04 21:48:32,996 - aqt.updater - INFO - updater 136117625684480 Patching /tmp/qt6/6.7.3/gcc_64/lib/pkgconfig/Qt6QmlCore.pc
2026-09-04 21:48:32,996 - aqt.updater - INFO - updater 136117625684480 Patching /tmp/qt6/6.7.3/gcc_64/lib/pkgconfig/Qt6QmlCompiler.pc
2026-09-04 21:48:32,996 - aqt.updater - INFO - updater 136117625684480 Patching /tmp/qt6/6.7.3/gcc_64/lib/pkgconfig/Qt6QmlBuiltins.pc
2026-09-04 21:48:32,996 - aqt.updater - INFO - updater 136117625684480 Patching /tmp/qt6/6.7.3/gcc_64/lib/pkgconfig/Qt6Qml.pc
2026-09-04 21:48:32,997 - aqt.updater - INFO - updater 136117625684480 Patching /tmp/qt6/6.7.3/gcc_64/lib/pkgconfig/Qt6LabsWavefrontMesh.pc
2026-09-04 21:48:32,997 - aqt.updater - INFO - updater 136117625684480 Patching /tmp/qt6/6.7.3/gcc_64/lib/pkgconfig/Qt6LabsSharedImage.pc
2026-09-04 21:48:32,997 - aqt.updater - INFO - updater 136117625684480 Patching /tmp/qt6/6.7.3/gcc_64/lib/pkgconfig/Qt6LabsSettings.pc
2026-09-04 21:48:32,997 - aqt.updater - INFO - updater 136117625684480 Patching /tmp/qt6/6.7.3/gcc_64/lib/pkgconfig/Qt6LabsQmlModels.pc
2026-09-04 21:48:32,997 - aqt.updater - INFO - updater 136117625684480 Patching /tmp/qt6/6.7.3/gcc_64/lib/pkgconfig/Qt6LabsFolderListModel.pc
2026-09-04 21:48:32,997 - aqt.updater - INFO - updater 136117625684480 Patching /tmp/qt6/6.7.3/gcc_64/lib/pkgconfig/Qt6LabsAnimation.pc
2026-09-04 21:48:32,997 - aqt.updater - INFO - updater 136117625684480 Patching /tmp/qt6/6.7.3/gcc_64/lib/pkgconfig/Qt6UiTools.pc
2026-09-04 21:48:32,997 - aqt.updater - INFO - updater 136117625684480 Patching /tmp/qt6/6.7.3/gcc_64/lib/pkgconfig/Qt6UiPlugin.pc
2026-09-04 21:48:32,997 - aqt.updater - INFO - updater 136117625684480 Patching /tmp/qt6/6.7.3/gcc_64/lib/pkgconfig/Qt6Linguist.pc
2026-09-04 21:48:32,997 - aqt.updater - INFO - updater 136117625684480 Patching /tmp/qt6/6.7.3/gcc_64/lib/pkgconfig/Qt6Help.pc
2026-09-04 21:48:32,997 - aqt.updater - INFO - updater 136117625684480 Patching /tmp/qt6/6.7.3/gcc_64/lib/pkgconfig/Qt6Designer.pc
2026-09-04 21:48:32,997 - aqt.updater - INFO - updater 136117625684480 Patching /tmp/qt6/6.7.3/gcc_64/lib/pkgconfig/Qt6WaylandClient.pc
2026-09-04 21:48:32,998 - aqt.updater - INFO - updater 136117625684480 Patching /tmp/qt6/6.7.3/gcc_64/lib/pkgconfig/Qt6Xml.pc
2026-09-04 21:48:32,998 - aqt.updater - INFO - updater 136117625684480 Patching /tmp/qt6/6.7.3/gcc_64/lib/pkgconfig/Qt6Widgets.pc
2026-09-04 21:48:32,998 - aqt.updater - INFO - updater 136117625684480 Patching /tmp/qt6/6.7.3/gcc_64/lib/pkgconfig/Qt6Test.pc
2026-09-04 21:48:32,998 - aqt.updater - INFO - updater 136117625684480 Patching /tmp/qt6/6.7.3/gcc_64/lib/pkgconfig/Qt6Sql.pc
2026-09-04 21:48:32,998 - aqt.updater - INFO - updater 136117625684480 Patching /tmp/qt6/6.7.3/gcc_64/lib/pkgconfig/Qt6PrintSupport.pc
2026-09-04 21:48:32,998 - aqt.updater - INFO - updater 136117625684480 Patching /tmp/qt6/6.7.3/gcc_64/lib/pkgconfig/Qt6Platform.pc
2026-09-04 21:48:32,998 - aqt.updater - INFO - updater 136117625684480 Patching /tmp/qt6/6.7.3/gcc_64/lib/pkgconfig/Qt6OpenGLWidgets.pc
2026-09-04 21:48:32,998 - aqt.updater - INFO - updater 136117625684480 Patching /tmp/qt6/6.7.3/gcc_64/lib/pkgconfig/Qt6OpenGL.pc
2026-09-04 21:48:32,998 - aqt.updater - INFO - updater 136117625684480 Patching /tmp/qt6/6.7.3/gcc_64/lib/pkgconfig/Qt6Network.pc
2026-09-04 21:48:32,998 - aqt.updater - INFO - updater 136117625684480 Patching /tmp/qt6/6.7.3/gcc_64/lib/pkgconfig/Qt6Gui.pc
2026-09-04 21:48:32,998 - aqt.updater - INFO - updater 136117625684480 Patching /tmp/qt6/6.7.3/gcc_64/lib/pkgconfig/Qt6DBus.pc
2026-09-04 21:48:32,999 - aqt.updater - INFO - updater 136117625684480 Patching /tmp/qt6/6.7.3/gcc_64/lib/pkgconfig/Qt6Core.pc
2026-09-04 21:48:32,999 - aqt.updater - INFO - updater 136117625684480 Patching /tmp/qt6/6.7.3/gcc_64/lib/pkgconfig/Qt6Concurrent.pc
2026-09-04 21:48:32,999 - aqt.updater - INFO - updater 136117625684480 Patching /tmp/qt6/6.7.3/gcc_64/lib/pkgconfig/Qt6SvgWidgets.pc
2026-09-04 21:48:32,999 - aqt.updater - INFO - updater 136117625684480 Patching /tmp/qt6/6.7.3/gcc_64/lib/pkgconfig/Qt6Svg.pc
2026-09-04 21:48:32,999 - aqt.updater - INFO - updater 136117625684480 Patching /tmp/qt6/6.7.3/gcc_64/lib/libQt6QuickWidgets.prl
2026-09-04 21:48:32,999 - aqt.updater - INFO - updater 136117625684480 Patching /tmp/qt6/6.7.3/gcc_64/lib/libQt6QuickTestUtils.prl
2026-09-04 21:48:33,000 - aqt.updater - INFO - updater 136117625684480 Patching /tmp/qt6/6.7.3/gcc_64/lib/libQt6QuickTest.prl
2026-09-04 21:48:33,000 - aqt.updater - INFO - updater 136117625684480 Patching /tmp/qt6/6.7.3/gcc_64/lib/libQt6QuickTemplates2.prl
2026-09-04 21:48:33,000 - aqt.updater - INFO - updater 136117625684480 Patching /tmp/qt6/6.7.3/gcc_64/lib/libQt6QuickShapes.prl
2026-09-04 21:48:33,000 - aqt.updater - INFO - updater 136117625684480 Patching /tmp/qt6/6.7.3/gcc_64/lib/libQt6QuickParticles.prl
2026-09-04 21:48:33,000 - aqt.updater - INFO - updater 136117625684480 Patching /tmp/qt6/6.7.3/gcc_64/lib/libQt6QuickLayouts.prl
2026-09-04 21:48:33,000 - aqt.updater - INFO - updater 136117625684480 Patching /tmp/qt6/6.7.3/gcc_64/lib/libQt6QuickEffects.prl
2026-09-04 21:48:33,000 - aqt.updater - INFO - updater 136117625684480 Patching /tmp/qt6/6.7.3/gcc_64/lib/libQt6QuickDialogs2Utils.prl
2026-09-04 21:48:33,000 - aqt.updater - INFO - updater 136117625684480 Patching /tmp/qt6/6.7.3/gcc_64/lib/libQt6QuickDialogs2QuickImpl.prl
2026-09-04 21:48:33,000 - aqt.updater - INFO - updater 136117625684480 Patching /tmp/qt6/6.7.3/gcc_64/lib/libQt6QuickDialogs2.prl
2026-09-04 21:48:33,000 - aqt.updater - INFO - updater 136117625684480 Patching /tmp/qt6/6.7.3/gcc_64/lib/libQt6QuickControlsTestUtils.prl
2026-09-04 21:48:33,000 - aqt.updater - INFO - updater 136117625684480 Patching /tmp/qt6/6.7.3/gcc_64/lib/libQt6QuickControls2UniversalStyleImpl.prl
2026-09-04 21:48:33,000 - aqt.updater - INFO - updater 136117625684480 Patching /tmp/qt6/6.7.3/gcc_64/lib/libQt6QuickControls2Universal.prl
2026-09-04 21:48:33,001 - aqt.updater - INFO - updater 136117625684480 Patching /tmp/qt6/6.7.3/gcc_64/lib/libQt6QuickControls2MaterialStyleImpl.prl
2026-09-04 21:48:33,001 - aqt.updater - INFO - updater 136117625684480 Patching /tmp/qt6/6.7.3/gcc_64/lib/libQt6QuickControls2Material.prl
2026-09-04 21:48:33,001 - aqt.updater - INFO - updater 136117625684480 Patching /tmp/qt6/6.7.3/gcc_64/lib/libQt6QuickControls2Impl.prl
2026-09-04 21:48:33,001 - aqt.updater - INFO - updater 136117625684480 Patching /tmp/qt6/6.7.3/gcc_64/lib/libQt6QuickControls2ImagineStyleImpl.prl
2026-09-04 21:48:33,001 - aqt.updater - INFO - updater 136117625684480 Patching /tmp/qt6/6.7.3/gcc_64/lib/libQt6QuickControls2Imagine.prl
2026-09-04 21:48:33,001 - aqt.updater - INFO - updater 136117625684480 Patching /tmp/qt6/6.7.3/gcc_64/lib/libQt6QuickControls2FusionStyleImpl.prl
2026-09-04 21:48:33,001 - aqt.updater - INFO - updater 136117625684480 Patching /tmp/qt6/6.7.3/gcc_64/lib/libQt6QuickControls2Fusion.prl
2026-09-04 21:48:33,001 - aqt.updater - INFO - updater 136117625684480 Patching /tmp/qt6/6.7.3/gcc_64/lib/libQt6QuickControls2BasicStyleImpl.prl
2026-09-04 21:48:33,001 - aqt.updater - INFO - updater 136117625684480 Patching /tmp/qt6/6.7.3/gcc_64/lib/libQt6QuickControls2Basic.prl
2026-09-04 21:48:33,001 - aqt.updater - INFO - updater 136117625684480 Patching /tmp/qt6/6.7.3/gcc_64/lib/libQt6QuickControls2.prl
2026-09-04 21:48:33,001 - aqt.updater - INFO - updater 136117625684480 Patching /tmp/qt6/6.7.3/gcc_64/lib/libQt6Quick.prl
2026-09-04 21:48:33,001 - aqt.updater - INFO - updater 136117625684480 Patching /tmp/qt6/6.7.3/gcc_64/lib/libQt6QmlXmlListModel.prl
2026-09-04 21:48:33,002 - aqt.updater - INFO - updater 136117625684480 Patching /tmp/qt6/6.7.3/gcc_64/lib/libQt6QmlWorkerScript.prl
2026-09-04 21:48:33,002 - aqt.updater - INFO - updater 136117625684480 Patching /tmp/qt6/6.7.3/gcc_64/lib/libQt6QmlTypeRegistrar.prl
2026-09-04 21:48:33,002 - aqt.updater - INFO - updater 136117625684480 Patching /tmp/qt6/6.7.3/gcc_64/lib/libQt6QmlToolingSettings.prl
2026-09-04 21:48:33,002 - aqt.updater - INFO - updater 136117625684480 Patching /tmp/qt6/6.7.3/gcc_64/lib/libQt6QmlNetwork.prl
2026-09-04 21:48:33,002 - aqt.updater - INFO - updater 136117625684480 Patching /tmp/qt6/6.7.3/gcc_64/lib/libQt6QmlModels.prl
2026-09-04 21:48:33,002 - aqt.updater - INFO - updater 136117625684480 Patching /tmp/qt6/6.7.3/gcc_64/lib/libQt6QmlLocalStorage.prl
2026-09-04 21:48:33,002 - aqt.updater - INFO - updater 136117625684480 Patching /tmp/qt6/6.7.3/gcc_64/lib/libQt6QmlLS.prl
2026-09-04 21:48:33,002 - aqt.updater - INFO - updater 136117625684480 Patching /tmp/qt6/6.7.3/gcc_64/lib/libQt6QmlDom.prl
2026-09-04 21:48:33,002 - aqt.updater - INFO - updater 136117625684480 Patching /tmp/qt6/6.7.3/gcc_64/lib/libQt6QmlDebug.prl
2026-09-04 21:48:33,002 - aqt.updater - INFO - updater 136117625684480 Patching /tmp/qt6/6.7.3/gcc_64/lib/libQt6QmlCore.prl
2026-09-04 21:48:33,002 - aqt.updater - INFO - updater 136117625684480 Patching /tmp/qt6/6.7.3/gcc_64/lib/libQt6QmlCompiler.prl
2026-09-04 21:48:33,002 - aqt.updater - INFO - updater 136117625684480 Patching /tmp/qt6/6.7.3/gcc_64/lib/libQt6QmlBuiltins.prl
2026-09-04 21:48:33,003 - aqt.updater - INFO - updater 136117625684480 Patching /tmp/qt6/6.7.3/gcc_64/lib/libQt6Qml.prl
2026-09-04 21:48:33,003 - aqt.updater - INFO - updater 136117625684480 Patching /tmp/qt6/6.7.3/gcc_64/lib/libQt6PacketProtocol.prl
2026-09-04 21:48:33,003 - aqt.updater - INFO - updater 136117625684480 Patching /tmp/qt6/6.7.3/gcc_64/lib/libQt6LabsWavefrontMesh.prl
2026-09-04 21:48:33,003 - aqt.updater - INFO - updater 136117625684480 Patching /tmp/qt6/6.7.3/gcc_64/lib/libQt6LabsSharedImage.prl
2026-09-04 21:48:33,003 - aqt.updater - INFO - updater 136117625684480 Patching /tmp/qt6/6.7.3/gcc_64/lib/libQt6LabsSettings.prl
2026-09-04 21:48:33,003 - aqt.updater - INFO - updater 136117625684480 Patching /tmp/qt6/6.7.3/gcc_64/lib/libQt6LabsQmlModels.prl
2026-09-04 21:48:33,003 - aqt.updater - INFO - updater 136117625684480 Patching /tmp/qt6/6.7.3/gcc_64/lib/libQt6LabsFolderListModel.prl
2026-09-04 21:48:33,003 - aqt.updater - INFO - updater 136117625684480 Patching /tmp/qt6/6.7.3/gcc_64/lib/libQt6LabsAnimation.prl
2026-09-04 21:48:33,003 - aqt.updater - INFO - updater 136117625684480 Patching /tmp/qt6/6.7.3/gcc_64/lib/libQt6UiTools.prl
2026-09-04 21:48:33,003 - aqt.updater - INFO - updater 136117625684480 Patching /tmp/qt6/6.7.3/gcc_64/lib/libQt6Help.prl
2026-09-04 21:48:33,004 - aqt.updater - INFO - updater 136117625684480 Patching /tmp/qt6/6.7.3/gcc_64/lib/libQt6DesignerComponents.prl
2026-09-04 21:48:33,004 - aqt.updater - INFO - updater 136117625684480 Patching /tmp/qt6/6.7.3/gcc_64/lib/libQt6Designer.prl
2026-09-04 21:48:33,004 - aqt.updater - INFO - updater 136117625684480 Patching /tmp/qt6/6.7.3/gcc_64/lib/libQt6WlShellIntegration.prl
2026-09-04 21:48:33,004 - aqt.updater - INFO - updater 136117625684480 Patching /tmp/qt6/6.7.3/gcc_64/lib/libQt6WaylandEglClientHwIntegration.prl
2026-09-04 21:48:33,004 - aqt.updater - INFO - updater 136117625684480 Patching /tmp/qt6/6.7.3/gcc_64/lib/libQt6WaylandClient.prl
2026-09-04 21:48:33,004 - aqt.updater - INFO - updater 136117625684480 Patching /tmp/qt6/6.7.3/gcc_64/lib/libQt6Xml.prl
2026-09-04 21:48:33,004 - aqt.updater - INFO - updater 136117625684480 Patching /tmp/qt6/6.7.3/gcc_64/lib/libQt6XcbQpa.prl
2026-09-04 21:48:33,004 - aqt.updater - INFO - updater 136117625684480 Patching /tmp/qt6/6.7.3/gcc_64/lib/libQt6Widgets.prl
2026-09-04 21:48:33,004 - aqt.updater - INFO - updater 136117625684480 Patching /tmp/qt6/6.7.3/gcc_64/lib/libQt6Test.prl
2026-09-04 21:48:33,004 - aqt.updater - INFO - updater 136117625684480 Patching /tmp/qt6/6.7.3/gcc_64/lib/libQt6Sql.prl
2026-09-04 21:48:33,004 - aqt.updater - INFO - updater 136117625684480 Patching /tmp/qt6/6.7.3/gcc_64/lib/libQt6PrintSupport.prl
2026-09-04 21:48:33,005 - aqt.updater - INFO - updater 136117625684480 Patching /tmp/qt6/6.7.3/gcc_64/lib/libQt6OpenGLWidgets.prl
2026-09-04 21:48:33,005 - aqt.updater - INFO - updater 136117625684480 Patching /tmp/qt6/6.7.3/gcc_64/lib/libQt6OpenGL.prl
2026-09-04 21:48:33,005 - aqt.updater - INFO - updater 136117625684480 Patching /tmp/qt6/6.7.3/gcc_64/lib/libQt6Network.prl
2026-09-04 21:48:33,005 - aqt.updater - INFO - updater 136117625684480 Patching /tmp/qt6/6.7.3/gcc_64/lib/libQt6KmsSupport.prl
2026-09-04 21:48:33,005 - aqt.updater - INFO - updater 136117625684480 Patching /tmp/qt6/6.7.3/gcc_64/lib/libQt6InputSupport.prl
2026-09-04 21:48:33,005 - aqt.updater - INFO - updater 136117625684480 Patching /tmp/qt6/6.7.3/gcc_64/lib/libQt6Gui.prl
2026-09-04 21:48:33,005 - aqt.updater - INFO - updater 136117625684480 Patching /tmp/qt6/6.7.3/gcc_64/lib/libQt6FbSupport.prl
2026-09-04 21:48:33,005 - aqt.updater - INFO - updater 136117625684480 Patching /tmp/qt6/6.7.3/gcc_64/lib/libQt6ExampleIcons.prl
2026-09-04 21:48:33,005 - aqt.updater - INFO - updater 136117625684480 Patching /tmp/qt6/6.7.3/gcc_64/lib/libQt6EglFsKmsSupport.prl
2026-09-04 21:48:33,005 - aqt.updater - INFO - updater 136117625684480 Patching /tmp/qt6/6.7.3/gcc_64/lib/libQt6EglFsKmsGbmSupport.prl
2026-09-04 21:48:33,005 - aqt.updater - INFO - updater 136117625684480 Patching /tmp/qt6/6.7.3/gcc_64/lib/libQt6EglFSDeviceIntegration.prl
2026-09-04 21:48:33,006 - aqt.updater - INFO - updater 136117625684480 Patching /tmp/qt6/6.7.3/gcc_64/lib/libQt6DeviceDiscoverySupport.prl
2026-09-04 21:48:33,006 - aqt.updater - INFO - updater 136117625684480 Patching /tmp/qt6/6.7.3/gcc_64/lib/libQt6DBus.prl
2026-09-04 21:48:33,006 - aqt.updater - INFO - updater 136117625684480 Patching /tmp/qt6/6.7.3/gcc_64/lib/libQt6Core.prl
2026-09-04 21:48:33,006 - aqt.updater - INFO - updater 136117625684480 Patching /tmp/qt6/6.7.3/gcc_64/lib/libQt6Concurrent.prl
2026-09-04 21:48:33,006 - aqt.updater - INFO - updater 136117625684480 Patching /tmp/qt6/6.7.3/gcc_64/lib/libQt6SvgWidgets.prl
2026-09-04 21:48:33,006 - aqt.updater - INFO - updater 136117625684480 Patching /tmp/qt6/6.7.3/gcc_64/lib/libQt6Svg.prl
2026-09-04 21:48:33,006 - aqt.main - INFO - installer 136117625684480 Finished installation
2026-09-04 21:48:33,006 - aqt.main - INFO - installer 136117625684480 Time elapsed: 94.50672728 second
2026-09-04 22:26:07,734 - aqt.main - INFO - installer 138513664504320 aqtinstall(aqt) v3.3.0 on Python 3.14.4 [CPython GCC 15.2.0]
2026-09-04 22:26:07,736 - aqt.helper - DEBUG - helper 138513664504320 Attempt to download checksum at https://download.qt.io/online/qtsdkrepository/linux_x64/desktop/qt6_673/Updates.xml.sha256
2026-09-04 22:26:10,493 - aqt.helper - DEBUG - helper 131446587990528 Attempt to download checksum at https://download.qt.io/online/qtsdkrepository/linux_x64/desktop/qt6_673/qt.qt6.673.addons.qtimageformats.linux_gcc_64/6.7.3-0-202409200836qtimageformats-Linux-RHEL_8_8-GCC-Linux-RHEL_8_8-X86_64.7z.sha256
2026-09-04 22:26:10,493 - aqt.helper - DEBUG - helper 130269719831040 Attempt to download checksum at https://download.qt.io/online/qtsdkrepository/linux_x64/desktop/qt6_673/qt.qt6.673.linux_gcc_64/6.7.3-0-202409200836qtbase-Linux-RHEL_8_8-GCC-Linux-RHEL_8_8-X86_64.7z.sha256
2026-09-04 22:26:10,497 - aqt.helper - DEBUG - helper 137480349041152 Attempt to download checksum at https://download.qt.io/online/qtsdkrepository/linux_x64/desktop/qt6_673/qt.qt6.673.linux_gcc_64/6.7.3-0-202409200836qtsvg-Linux-RHEL_8_8-GCC-Linux-RHEL_8_8-X86_64.7z.sha256
2026-09-04 22:26:10,500 - aqt.helper - DEBUG - helper 130022411604480 Attempt to download checksum at https://download.qt.io/online/qtsdkrepository/linux_x64/desktop/qt6_673/qt.qt6.673.linux_gcc_64/6.7.3-0-202409200836qtdeclarative-Linux-RHEL_8_8-GCC-Linux-RHEL_8_8-X86_64.7z.sha256
2026-09-04 22:26:11,377 - aqt.helper - INFO - helper 130022411604480 Downloading qtdeclarative...
2026-09-04 22:26:11,377 - aqt.installer - DEBUG - installer 130022411604480 Download URL: https://download.qt.io/online/qtsdkrepository/linux_x64/desktop/qt6_673/qt.qt6.673.linux_gcc_64/6.7.3-0-202409200836qtdeclarative-Linux-RHEL_8_8-GCC-Linux-RHEL_8_8-X86_64.7z
2026-09-04 22:26:11,389 - aqt.helper - INFO - helper 131446587990528 Downloading qtimageformats...
2026-09-04 22:26:11,390 - aqt.installer - DEBUG - installer 131446587990528 Download URL: https://download.qt.io/online/qtsdkrepository/linux_x64/desktop/qt6_673/qt.qt6.673.addons.qtimageformats.linux_gcc_64/6.7.3-0-202409200836qtimageformats-Linux-RHEL_8_8-GCC-Linux-RHEL_8_8-X86_64.7z
2026-09-04 22:26:11,422 - aqt.helper - INFO - helper 130269719831040 Downloading qtbase...
2026-09-04 22:26:11,422 - aqt.installer - DEBUG - installer 130269719831040 Download URL: https://download.qt.io/online/qtsdkrepository/linux_x64/desktop/qt6_673/qt.qt6.673.linux_gcc_64/6.7.3-0-202409200836qtbase-Linux-RHEL_8_8-GCC-Linux-RHEL_8_8-X86_64.7z
2026-09-04 22:26:11,479 - aqt.helper - INFO - helper 137480349041152 Downloading qtsvg...
2026-09-04 22:26:11,479 - aqt.installer - DEBUG - installer 137480349041152 Download URL: https://download.qt.io/online/qtsdkrepository/linux_x64/desktop/qt6_673/qt.qt6.673.linux_gcc_64/6.7.3-0-202409200836qtsvg-Linux-RHEL_8_8-GCC-Linux-RHEL_8_8-X86_64.7z
2026-09-04 22:26:12,282 - aqt.helper - DEBUG - helper 131446587990528 Asked to redirect(302) to: https://mirror.maeen.sa/qtproject/online/qtsdkrepository/linux_x64/desktop/qt6_673/qt.qt6.673.addons.qtimageformats.linux_gcc_64/6.7.3-0-202409200836qtimageformats-Linux-RHEL_8_8-GCC-Linux-RHEL_8_8-X86_64.7z
2026-09-04 22:26:12,283 - aqt.helper - INFO - helper 131446587990528 Redirected: mirror.maeen.sa
2026-09-04 22:26:12,302 - aqt.helper - DEBUG - helper 130269719831040 Asked to redirect(302) to: https://mirror.maeen.sa/qtproject/online/qtsdkrepository/linux_x64/desktop/qt6_673/qt.qt6.673.linux_gcc_64/6.7.3-0-202409200836qtbase-Linux-RHEL_8_8-GCC-Linux-RHEL_8_8-X86_64.7z
2026-09-04 22:26:12,302 - aqt.helper - DEBUG - helper 130022411604480 Asked to redirect(302) to: https://mirror.maeen.sa/qtproject/online/qtsdkrepository/linux_x64/desktop/qt6_673/qt.qt6.673.linux_gcc_64/6.7.3-0-202409200836qtdeclarative-Linux-RHEL_8_8-GCC-Linux-RHEL_8_8-X86_64.7z
2026-09-04 22:26:12,302 - aqt.helper - INFO - helper 130269719831040 Redirected: mirror.maeen.sa
2026-09-04 22:26:12,303 - aqt.helper - INFO - helper 130022411604480 Redirected: mirror.maeen.sa
2026-09-04 22:26:12,333 - aqt.helper - DEBUG - helper 137480349041152 Asked to redirect(302) to: https://mirror.maeen.sa/qtproject/online/qtsdkrepository/linux_x64/desktop/qt6_673/qt.qt6.673.linux_gcc_64/6.7.3-0-202409200836qtsvg-Linux-RHEL_8_8-GCC-Linux-RHEL_8_8-X86_64.7z
2026-09-04 22:26:12,333 - aqt.helper - INFO - helper 137480349041152 Redirected: mirror.maeen.sa
2026-09-04 22:26:15,438 - aqt.installer - INFO - installer 137480349041152 Finished installation of qtsvg-Linux-RHEL_8_8-GCC-Linux-RHEL_8_8-X86_64.7z in 4.94223549
2026-09-04 22:26:15,450 - aqt.helper - DEBUG - helper 137480349041152 Attempt to download checksum at https://download.qt.io/online/qtsdkrepository/linux_x64/desktop/qt6_673/qt.qt6.673.linux_gcc_64/6.7.3-0-202409200836qttools-Linux-RHEL_8_8-GCC-Linux-RHEL_8_8-X86_64.7z.sha256
2026-09-04 22:26:15,556 - aqt.installer - INFO - installer 131446587990528 Finished installation of qtimageformats-Linux-RHEL_8_8-GCC-Linux-RHEL_8_8-X86_64.7z in 5.06431475
2026-09-04 22:26:15,570 - aqt.helper - DEBUG - helper 131446587990528 Attempt to download checksum at https://download.qt.io/online/qtsdkrepository/linux_x64/desktop/qt6_673/qt.qt6.673.linux_gcc_64/6.7.3-0-202409200836qttranslations-Linux-RHEL_8_8-GCC-Linux-RHEL_8_8-X86_64.7z.sha256
2026-09-04 22:26:16,677 - aqt.helper - INFO - helper 131446587990528 Downloading qttranslations...
2026-09-04 22:26:16,677 - aqt.installer - DEBUG - installer 131446587990528 Download URL: https://download.qt.io/online/qtsdkrepository/linux_x64/desktop/qt6_673/qt.qt6.673.linux_gcc_64/6.7.3-0-202409200836qttranslations-Linux-RHEL_8_8-GCC-Linux-RHEL_8_8-X86_64.7z
2026-09-04 22:26:17,292 - aqt.helper - INFO - helper 137480349041152 Downloading qttools...
2026-09-04 22:26:17,292 - aqt.installer - DEBUG - installer 137480349041152 Download URL: https://download.qt.io/online/qtsdkrepository/linux_x64/desktop/qt6_673/qt.qt6.673.linux_gcc_64/6.7.3-0-202409200836qttools-Linux-RHEL_8_8-GCC-Linux-RHEL_8_8-X86_64.7z
2026-09-04 22:26:18,033 - aqt.helper - DEBUG - helper 131446587990528 Asked to redirect(302) to: https://mirror.maeen.sa/qtproject/online/qtsdkrepository/linux_x64/desktop/qt6_673/qt.qt6.673.linux_gcc_64/6.7.3-0-202409200836qttranslations-Linux-RHEL_8_8-GCC-Linux-RHEL_8_8-X86_64.7z
2026-09-04 22:26:18,034 - aqt.helper - INFO - helper 131446587990528 Redirected: mirror.maeen.sa
2026-09-04 22:26:18,762 - aqt.helper - DEBUG - helper 137480349041152 Asked to redirect(302) to: https://mirror.maeen.sa/qtproject/online/qtsdkrepository/linux_x64/desktop/qt6_673/qt.qt6.673.linux_gcc_64/6.7.3-0-202409200836qttools-Linux-RHEL_8_8-GCC-Linux-RHEL_8_8-X86_64.7z
2026-09-04 22:26:18,762 - aqt.helper - INFO - helper 137480349041152 Redirected: mirror.maeen.sa
2026-09-04 22:26:25,904 - aqt.installer - INFO - installer 130269719831040 Finished installation of qtbase-Linux-RHEL_8_8-GCC-Linux-RHEL_8_8-X86_64.7z in 15.41129502
2026-09-04 22:26:25,921 - aqt.helper - DEBUG - helper 130269719831040 Attempt to download checksum at https://download.qt.io/online/qtsdkrepository/linux_x64/desktop/qt6_673/qt.qt6.673.linux_gcc_64/6.7.3-0-202409200836qtwayland-Linux-RHEL_8_8-GCC-Linux-RHEL_8_8-X86_64.7z.sha256
2026-09-04 22:26:26,928 - aqt.installer - INFO - installer 131446587990528 Finished installation of qttranslations-Linux-RHEL_8_8-GCC-Linux-RHEL_8_8-X86_64.7z in 11.35838914
2026-09-04 22:26:26,939 - aqt.helper - DEBUG - helper 131446587990528 Attempt to download checksum at https://download.qt.io/online/qtsdkrepository/linux_x64/desktop/qt6_673/qt.qt6.673.linux_gcc_64/6.7.3-0-202409200836icu-linux-Rhel8.6-x86_64.7z.sha256
2026-09-04 22:26:27,326 - aqt.helper - INFO - helper 130269719831040 Downloading qtwayland...
2026-09-04 22:26:27,326 - aqt.installer - DEBUG - installer 130269719831040 Download URL: https://download.qt.io/online/qtsdkrepository/linux_x64/desktop/qt6_673/qt.qt6.673.linux_gcc_64/6.7.3-0-202409200836qtwayland-Linux-RHEL_8_8-GCC-Linux-RHEL_8_8-X86_64.7z
2026-09-04 22:26:28,511 - aqt.helper - INFO - helper 131446587990528 Downloading icu...
2026-09-04 22:26:28,511 - aqt.installer - DEBUG - installer 131446587990528 Download URL: https://download.qt.io/online/qtsdkrepository/linux_x64/desktop/qt6_673/qt.qt6.673.linux_gcc_64/6.7.3-0-202409200836icu-linux-Rhel8.6-x86_64.7z
2026-09-04 22:26:29,091 - aqt.helper - DEBUG - helper 130269719831040 Asked to redirect(302) to: https://mirror.maeen.sa/qtproject/online/qtsdkrepository/linux_x64/desktop/qt6_673/qt.qt6.673.linux_gcc_64/6.7.3-0-202409200836qtwayland-Linux-RHEL_8_8-GCC-Linux-RHEL_8_8-X86_64.7z
2026-09-04 22:26:29,092 - aqt.helper - INFO - helper 130269719831040 Redirected: mirror.maeen.sa
2026-09-04 22:26:31,064 - aqt.helper - DEBUG - helper 131446587990528 Asked to redirect(302) to: https://mirror.maeen.sa/qtproject/online/qtsdkrepository/linux_x64/desktop/qt6_673/qt.qt6.673.linux_gcc_64/6.7.3-0-202409200836icu-linux-Rhel8.6-x86_64.7z
2026-09-04 22:26:31,064 - aqt.helper - INFO - helper 131446587990528 Redirected: mirror.maeen.sa
2026-09-04 22:26:42,057 - aqt.installer - INFO - installer 130269719831040 Finished installation of qtwayland-Linux-RHEL_8_8-GCC-Linux-RHEL_8_8-X86_64.7z in 16.13781405
2026-09-04 22:27:00,959 - aqt.installer - INFO - installer 131446587990528 Finished installation of icu-linux-Rhel8.6-x86_64.7z in 34.02047693
2026-09-04 22:27:01,893 - aqt.installer - INFO - installer 137480349041152 Finished installation of qttools-Linux-RHEL_8_8-GCC-Linux-RHEL_8_8-X86_64.7z in 46.44451235
2026-09-04 22:27:23,329 - aqt.installer - INFO - installer 130022411604480 Finished installation of qtdeclarative-Linux-RHEL_8_8-GCC-Linux-RHEL_8_8-X86_64.7z in 72.82966010
2026-09-04 22:27:24,070 - aqt.updater - INFO - updater 138513664504320 Patching /tmp/qt6/6.7.3/gcc_64/bin/qmake
2026-09-04 22:27:24,076 - aqt.updater - INFO - updater 138513664504320 Patching /tmp/qt6/6.7.3/gcc_64/lib/pkgconfig/Qt6QuickWidgets.pc
2026-09-04 22:27:24,076 - aqt.updater - INFO - updater 138513664504320 Patching /tmp/qt6/6.7.3/gcc_64/lib/pkgconfig/Qt6QuickTest.pc
2026-09-04 22:27:24,076 - aqt.updater - INFO - updater 138513664504320 Patching /tmp/qt6/6.7.3/gcc_64/lib/pkgconfig/Qt6QuickTemplates2.pc
2026-09-04 22:27:24,076 - aqt.updater - INFO - updater 138513664504320 Patching /tmp/qt6/6.7.3/gcc_64/lib/pkgconfig/Qt6QuickLayouts.pc
2026-09-04 22:27:24,076 - aqt.updater - INFO - updater 138513664504320 Patching /tmp/qt6/6.7.3/gcc_64/lib/pkgconfig/Qt6QuickDialogs2Utils.pc
2026-09-04 22:27:24,076 - aqt.updater - INFO - updater 138513664504320 Patching /tmp/qt6/6.7.3/gcc_64/lib/pkgconfig/Qt6QuickDialogs2QuickImpl.pc
2026-09-04 22:27:24,076 - aqt.updater - INFO - updater 138513664504320 Patching /tmp/qt6/6.7.3/gcc_64/lib/pkgconfig/Qt6QuickDialogs2.pc
2026-09-04 22:27:24,076 - aqt.updater - INFO - updater 138513664504320 Patching /tmp/qt6/6.7.3/gcc_64/lib/pkgconfig/Qt6QuickControls2UniversalStyleImpl.pc
2026-09-04 22:27:24,076 - aqt.updater - INFO - updater 138513664504320 Patching /tmp/qt6/6.7.3/gcc_64/lib/pkgconfig/Qt6QuickControls2Universal.pc
2026-09-04 22:27:24,076 - aqt.updater - INFO - updater 138513664504320 Patching /tmp/qt6/6.7.3/gcc_64/lib/pkgconfig/Qt6QuickControls2MaterialStyleImpl.pc
2026-09-04 22:27:24,076 - aqt.updater - INFO - updater 138513664504320 Patching /tmp/qt6/6.7.3/gcc_64/lib/pkgconfig/Qt6QuickControls2Material.pc
2026-09-04 22:27:24,077 - aqt.updater - INFO - updater 138513664504320 Patching /tmp/qt6/6.7.3/gcc_64/lib/pkgconfig/Qt6QuickControls2Impl.pc
2026-09-04 22:27:24,077 - aqt.updater - INFO - updater 138513664504320 Patching /tmp/qt6/6.7.3/gcc_64/lib/pkgconfig/Qt6QuickControls2ImagineStyleImpl.pc
2026-09-04 22:27:24,077 - aqt.updater - INFO - updater 138513664504320 Patching /tmp/qt6/6.7.3/gcc_64/lib/pkgconfig/Qt6QuickControls2Imagine.pc
2026-09-04 22:27:24,077 - aqt.updater - INFO - updater 138513664504320 Patching /tmp/qt6/6.7.3/gcc_64/lib/pkgconfig/Qt6QuickControls2FusionStyleImpl.pc
2026-09-04 22:27:24,077 - aqt.updater - INFO - updater 138513664504320 Patching /tmp/qt6/6.7.3/gcc_64/lib/pkgconfig/Qt6QuickControls2Fusion.pc
2026-09-04 22:27:24,077 - aqt.updater - INFO - updater 138513664504320 Patching /tmp/qt6/6.7.3/gcc_64/lib/pkgconfig/Qt6QuickControls2BasicStyleImpl.pc
2026-09-04 22:27:24,077 - aqt.updater - INFO - updater 138513664504320 Patching /tmp/qt6/6.7.3/gcc_64/lib/pkgconfig/Qt6QuickControls2Basic.pc
2026-09-04 22:27:24,077 - aqt.updater - INFO - updater 138513664504320 Patching /tmp/qt6/6.7.3/gcc_64/lib/pkgconfig/Qt6QuickControls2.pc
2026-09-04 22:27:24,077 - aqt.updater - INFO - updater 138513664504320 Patching /tmp/qt6/6.7.3/gcc_64/lib/pkgconfig/Qt6Quick.pc
2026-09-04 22:27:24,077 - aqt.updater - INFO - updater 138513664504320 Patching /tmp/qt6/6.7.3/gcc_64/lib/pkgconfig/Qt6QmlXmlListModel.pc
2026-09-04 22:27:24,077 - aqt.updater - INFO - updater 138513664504320 Patching /tmp/qt6/6.7.3/gcc_64/lib/pkgconfig/Qt6QmlWorkerScript.pc
2026-09-04 22:27:24,077 - aqt.updater - INFO - updater 138513664504320 Patching /tmp/qt6/6.7.3/gcc_64/lib/pkgconfig/Qt6QmlNetwork.pc
2026-09-04 22:27:24,077 - aqt.updater - INFO - updater 138513664504320 Patching /tmp/qt6/6.7.3/gcc_64/lib/pkgconfig/Qt6QmlModels.pc
2026-09-04 22:27:24,077 - aqt.updater - INFO - updater 138513664504320 Patching /tmp/qt6/6.7.3/gcc_64/lib/pkgconfig/Qt6QmlLocalStorage.pc
2026-09-04 22:27:24,077 - aqt.updater - INFO - updater 138513664504320 Patching /tmp/qt6/6.7.3/gcc_64/lib/pkgconfig/Qt6QmlIntegration.pc
2026-09-04 22:27:24,078 - aqt.updater - INFO - updater 138513664504320 Patching /tmp/qt6/6.7.3/gcc_64/lib/pkgconfig/Qt6QmlCore.pc
2026-09-04 22:27:24,078 - aqt.updater - INFO - updater 138513664504320 Patching /tmp/qt6/6.7.3/gcc_64/lib/pkgconfig/Qt6QmlCompiler.pc
2026-09-04 22:27:24,078 - aqt.updater - INFO - updater 138513664504320 Patching /tmp/qt6/6.7.3/gcc_64/lib/pkgconfig/Qt6QmlBuiltins.pc
2026-09-04 22:27:24,078 - aqt.updater - INFO - updater 138513664504320 Patching /tmp/qt6/6.7.3/gcc_64/lib/pkgconfig/Qt6Qml.pc
2026-09-04 22:27:24,078 - aqt.updater - INFO - updater 138513664504320 Patching /tmp/qt6/6.7.3/gcc_64/lib/pkgconfig/Qt6LabsWavefrontMesh.pc
2026-09-04 22:27:24,078 - aqt.updater - INFO - updater 138513664504320 Patching /tmp/qt6/6.7.3/gcc_64/lib/pkgconfig/Qt6LabsSharedImage.pc
2026-09-04 22:27:24,078 - aqt.updater - INFO - updater 138513664504320 Patching /tmp/qt6/6.7.3/gcc_64/lib/pkgconfig/Qt6LabsSettings.pc
2026-09-04 22:27:24,078 - aqt.updater - INFO - updater 138513664504320 Patching /tmp/qt6/6.7.3/gcc_64/lib/pkgconfig/Qt6LabsQmlModels.pc
2026-09-04 22:27:24,078 - aqt.updater - INFO - updater 138513664504320 Patching /tmp/qt6/6.7.3/gcc_64/lib/pkgconfig/Qt6LabsFolderListModel.pc
2026-09-04 22:27:24,078 - aqt.updater - INFO - updater 138513664504320 Patching /tmp/qt6/6.7.3/gcc_64/lib/pkgconfig/Qt6LabsAnimation.pc
2026-09-04 22:27:24,078 - aqt.updater - INFO - updater 138513664504320 Patching /tmp/qt6/6.7.3/gcc_64/lib/pkgconfig/Qt6UiTools.pc
2026-09-04 22:27:24,078 - aqt.updater - INFO - updater 138513664504320 Patching /tmp/qt6/6.7.3/gcc_64/lib/pkgconfig/Qt6UiPlugin.pc
2026-09-04 22:27:24,078 - aqt.updater - INFO - updater 138513664504320 Patching /tmp/qt6/6.7.3/gcc_64/lib/pkgconfig/Qt6Linguist.pc
2026-09-04 22:27:24,079 - aqt.updater - INFO - updater 138513664504320 Patching /tmp/qt6/6.7.3/gcc_64/lib/pkgconfig/Qt6Help.pc
2026-09-04 22:27:24,079 - aqt.updater - INFO - updater 138513664504320 Patching /tmp/qt6/6.7.3/gcc_64/lib/pkgconfig/Qt6Designer.pc
2026-09-04 22:27:24,079 - aqt.updater - INFO - updater 138513664504320 Patching /tmp/qt6/6.7.3/gcc_64/lib/pkgconfig/Qt6WaylandClient.pc
2026-09-04 22:27:24,079 - aqt.updater - INFO - updater 138513664504320 Patching /tmp/qt6/6.7.3/gcc_64/lib/pkgconfig/Qt6Xml.pc
2026-09-04 22:27:24,079 - aqt.updater - INFO - updater 138513664504320 Patching /tmp/qt6/6.7.3/gcc_64/lib/pkgconfig/Qt6Widgets.pc
2026-09-04 22:27:24,079 - aqt.updater - INFO - updater 138513664504320 Patching /tmp/qt6/6.7.3/gcc_64/lib/pkgconfig/Qt6Test.pc
2026-09-04 22:27:24,079 - aqt.updater - INFO - updater 138513664504320 Patching /tmp/qt6/6.7.3/gcc_64/lib/pkgconfig/Qt6Sql.pc
2026-09-04 22:27:24,079 - aqt.updater - INFO - updater 138513664504320 Patching /tmp/qt6/6.7.3/gcc_64/lib/pkgconfig/Qt6PrintSupport.pc
2026-09-04 22:27:24,079 - aqt.updater - INFO - updater 138513664504320 Patching /tmp/qt6/6.7.3/gcc_64/lib/pkgconfig/Qt6Platform.pc
2026-09-04 22:27:24,079 - aqt.updater - INFO - updater 138513664504320 Patching /tmp/qt6/6.7.3/gcc_64/lib/pkgconfig/Qt6OpenGLWidgets.pc
2026-09-04 22:27:24,079 - aqt.updater - INFO - updater 138513664504320 Patching /tmp/qt6/6.7.3/gcc_64/lib/pkgconfig/Qt6OpenGL.pc
2026-09-04 22:27:24,079 - aqt.updater - INFO - updater 138513664504320 Patching /tmp/qt6/6.7.3/gcc_64/lib/pkgconfig/Qt6Network.pc
2026-09-04 22:27:24,079 - aqt.updater - INFO - updater 138513664504320 Patching /tmp/qt6/6.7.3/gcc_64/lib/pkgconfig/Qt6Gui.pc
2026-09-04 22:27:24,079 - aqt.updater - INFO - updater 138513664504320 Patching /tmp/qt6/6.7.3/gcc_64/lib/pkgconfig/Qt6DBus.pc
2026-09-04 22:27:24,079 - aqt.updater - INFO - updater 138513664504320 Patching /tmp/qt6/6.7.3/gcc_64/lib/pkgconfig/Qt6Core.pc
2026-09-04 22:27:24,079 - aqt.updater - INFO - updater 138513664504320 Patching /tmp/qt6/6.7.3/gcc_64/lib/pkgconfig/Qt6Concurrent.pc
2026-09-04 22:27:24,080 - aqt.updater - INFO - updater 138513664504320 Patching /tmp/qt6/6.7.3/gcc_64/lib/pkgconfig/Qt6SvgWidgets.pc
2026-09-04 22:27:24,080 - aqt.updater - INFO - updater 138513664504320 Patching /tmp/qt6/6.7.3/gcc_64/lib/pkgconfig/Qt6Svg.pc
2026-09-04 22:27:24,080 - aqt.updater - INFO - updater 138513664504320 Patching /tmp/qt6/6.7.3/gcc_64/lib/libQt6QuickWidgets.prl
2026-09-04 22:27:24,080 - aqt.updater - INFO - updater 138513664504320 Patching /tmp/qt6/6.7.3/gcc_64/lib/libQt6QuickTestUtils.prl
2026-09-04 22:27:24,080 - aqt.updater - INFO - updater 138513664504320 Patching /tmp/qt6/6.7.3/gcc_64/lib/libQt6QuickTest.prl
2026-09-04 22:27:24,081 - aqt.updater - INFO - updater 138513664504320 Patching /tmp/qt6/6.7.3/gcc_64/lib/libQt6QuickTemplates2.prl
2026-09-04 22:27:24,081 - aqt.updater - INFO - updater 138513664504320 Patching /tmp/qt6/6.7.3/gcc_64/lib/libQt6QuickShapes.prl
2026-09-04 22:27:24,081 - aqt.updater - INFO - updater 138513664504320 Patching /tmp/qt6/6.7.3/gcc_64/lib/libQt6QuickParticles.prl
2026-09-04 22:27:24,081 - aqt.updater - INFO - updater 138513664504320 Patching /tmp/qt6/6.7.3/gcc_64/lib/libQt6QuickLayouts.prl
2026-09-04 22:27:24,081 - aqt.updater - INFO - updater 138513664504320 Patching /tmp/qt6/6.7.3/gcc_64/lib/libQt6QuickEffects.prl
2026-09-04 22:27:24,081 - aqt.updater - INFO - updater 138513664504320 Patching /tmp/qt6/6.7.3/gcc_64/lib/libQt6QuickDialogs2Utils.prl
2026-09-04 22:27:24,081 - aqt.updater - INFO - updater 138513664504320 Patching /tmp/qt6/6.7.3/gcc_64/lib/libQt6QuickDialogs2QuickImpl.prl
2026-09-04 22:27:24,081 - aqt.updater - INFO - updater 138513664504320 Patching /tmp/qt6/6.7.3/gcc_64/lib/libQt6QuickDialogs2.prl
2026-09-04 22:27:24,081 - aqt.updater - INFO - updater 138513664504320 Patching /tmp/qt6/6.7.3/gcc_64/lib/libQt6QuickControlsTestUtils.prl
2026-09-04 22:27:24,081 - aqt.updater - INFO - updater 138513664504320 Patching /tmp/qt6/6.7.3/gcc_64/lib/libQt6QuickControls2UniversalStyleImpl.prl
2026-09-04 22:27:24,081 - aqt.updater - INFO - updater 138513664504320 Patching /tmp/qt6/6.7.3/gcc_64/lib/libQt6QuickControls2Universal.prl
2026-09-04 22:27:24,081 - aqt.updater - INFO - updater 138513664504320 Patching /tmp/qt6/6.7.3/gcc_64/lib/libQt6QuickControls2MaterialStyleImpl.prl
2026-09-04 22:27:24,081 - aqt.updater - INFO - updater 138513664504320 Patching /tmp/qt6/6.7.3/gcc_64/lib/libQt6QuickControls2Material.prl
2026-09-04 22:27:24,081 - aqt.updater - INFO - updater 138513664504320 Patching /tmp/qt6/6.7.3/gcc_64/lib/libQt6QuickControls2Impl.prl
2026-09-04 22:27:24,081 - aqt.updater - INFO - updater 138513664504320 Patching /tmp/qt6/6.7.3/gcc_64/lib/libQt6QuickControls2ImagineStyleImpl.prl
2026-09-04 22:27:24,081 - aqt.updater - INFO - updater 138513664504320 Patching /tmp/qt6/6.7.3/gcc_64/lib/libQt6QuickControls2Imagine.prl
2026-09-04 22:27:24,082 - aqt.updater - INFO - updater 138513664504320 Patching /tmp/qt6/6.7.3/gcc_64/lib/libQt6QuickControls2FusionStyleImpl.prl
2026-09-04 22:27:24,082 - aqt.updater - INFO - updater 138513664504320 Patching /tmp/qt6/6.7.3/gcc_64/lib/libQt6QuickControls2Fusion.prl
2026-09-04 22:27:24,082 - aqt.updater - INFO - updater 138513664504320 Patching /tmp/qt6/6.7.3/gcc_64/lib/libQt6QuickControls2BasicStyleImpl.prl
2026-09-04 22:27:24,082 - aqt.updater - INFO - updater 138513664504320 Patching /tmp/qt6/6.7.3/gcc_64/lib/libQt6QuickControls2Basic.prl
2026-09-04 22:27:24,082 - aqt.updater - INFO - updater 138513664504320 Patching /tmp/qt6/6.7.3/gcc_64/lib/libQt6QuickControls2.prl
2026-09-04 22:27:24,082 - aqt.updater - INFO - updater 138513664504320 Patching /tmp/qt6/6.7.3/gcc_64/lib/libQt6Quick.prl
2026-09-04 22:27:24,082 - aqt.updater - INFO - updater 138513664504320 Patching /tmp/qt6/6.7.3/gcc_64/lib/libQt6QmlXmlListModel.prl
2026-09-04 22:27:24,082 - aqt.updater - INFO - updater 138513664504320 Patching /tmp/qt6/6.7.3/gcc_64/lib/libQt6QmlWorkerScript.prl
2026-09-04 22:27:24,082 - aqt.updater - INFO - updater 138513664504320 Patching /tmp/qt6/6.7.3/gcc_64/lib/libQt6QmlTypeRegistrar.prl
2026-09-04 22:27:24,082 - aqt.updater - INFO - updater 138513664504320 Patching /tmp/qt6/6.7.3/gcc_64/lib/libQt6QmlToolingSettings.prl
2026-09-04 22:27:24,082 - aqt.updater - INFO - updater 138513664504320 Patching /tmp/qt6/6.7.3/gcc_64/lib/libQt6QmlNetwork.prl
2026-09-04 22:27:24,082 - aqt.updater - INFO - updater 138513664504320 Patching /tmp/qt6/6.7.3/gcc_64/lib/libQt6QmlModels.prl
2026-09-04 22:27:24,083 - aqt.updater - INFO - updater 138513664504320 Patching /tmp/qt6/6.7.3/gcc_64/lib/libQt6QmlLocalStorage.prl
2026-09-04 22:27:24,083 - aqt.updater - INFO - updater 138513664504320 Patching /tmp/qt6/6.7.3/gcc_64/lib/libQt6QmlLS.prl
2026-09-04 22:27:24,083 - aqt.updater - INFO - updater 138513664504320 Patching /tmp/qt6/6.7.3/gcc_64/lib/libQt6QmlDom.prl
2026-09-04 22:27:24,083 - aqt.updater - INFO - updater 138513664504320 Patching /tmp/qt6/6.7.3/gcc_64/lib/libQt6QmlDebug.prl
2026-09-04 22:27:24,083 - aqt.updater - INFO - updater 138513664504320 Patching /tmp/qt6/6.7.3/gcc_64/lib/libQt6QmlCore.prl
2026-09-04 22:27:24,083 - aqt.updater - INFO - updater 138513664504320 Patching /tmp/qt6/6.7.3/gcc_64/lib/libQt6QmlCompiler.prl
2026-09-04 22:27:24,083 - aqt.updater - INFO - updater 138513664504320 Patching /tmp/qt6/6.7.3/gcc_64/lib/libQt6QmlBuiltins.prl
2026-09-04 22:27:24,083 - aqt.updater - INFO - updater 138513664504320 Patching /tmp/qt6/6.7.3/gcc_64/lib/libQt6Qml.prl
2026-09-04 22:27:24,083 - aqt.updater - INFO - updater 138513664504320 Patching /tmp/qt6/6.7.3/gcc_64/lib/libQt6PacketProtocol.prl
2026-09-04 22:27:24,083 - aqt.updater - INFO - updater 138513664504320 Patching /tmp/qt6/6.7.3/gcc_64/lib/libQt6LabsWavefrontMesh.prl
2026-09-04 22:27:24,083 - aqt.updater - INFO - updater 138513664504320 Patching /tmp/qt6/6.7.3/gcc_64/lib/libQt6LabsSharedImage.prl
2026-09-04 22:27:24,084 - aqt.updater - INFO - updater 138513664504320 Patching /tmp/qt6/6.7.3/gcc_64/lib/libQt6LabsSettings.prl
2026-09-04 22:27:24,084 - aqt.updater - INFO - updater 138513664504320 Patching /tmp/qt6/6.7.3/gcc_64/lib/libQt6LabsQmlModels.prl
2026-09-04 22:27:24,084 - aqt.updater - INFO - updater 138513664504320 Patching /tmp/qt6/6.7.3/gcc_64/lib/libQt6LabsFolderListModel.prl
2026-09-04 22:27:24,084 - aqt.updater - INFO - updater 138513664504320 Patching /tmp/qt6/6.7.3/gcc_64/lib/libQt6LabsAnimation.prl
2026-09-04 22:27:24,084 - aqt.updater - INFO - updater 138513664504320 Patching /tmp/qt6/6.7.3/gcc_64/lib/libQt6UiTools.prl
2026-09-04 22:27:24,084 - aqt.updater - INFO - updater 138513664504320 Patching /tmp/qt6/6.7.3/gcc_64/lib/libQt6Help.prl
2026-09-04 22:27:24,084 - aqt.updater - INFO - updater 138513664504320 Patching /tmp/qt6/6.7.3/gcc_64/lib/libQt6DesignerComponents.prl
2026-09-04 22:27:24,084 - aqt.updater - INFO - updater 138513664504320 Patching /tmp/qt6/6.7.3/gcc_64/lib/libQt6Designer.prl
2026-09-04 22:27:24,084 - aqt.updater - INFO - updater 138513664504320 Patching /tmp/qt6/6.7.3/gcc_64/lib/libQt6WlShellIntegration.prl
2026-09-04 22:27:24,084 - aqt.updater - INFO - updater 138513664504320 Patching /tmp/qt6/6.7.3/gcc_64/lib/libQt6WaylandEglClientHwIntegration.prl
2026-09-04 22:27:24,085 - aqt.updater - INFO - updater 138513664504320 Patching /tmp/qt6/6.7.3/gcc_64/lib/libQt6WaylandClient.prl
2026-09-04 22:27:24,085 - aqt.updater - INFO - updater 138513664504320 Patching /tmp/qt6/6.7.3/gcc_64/lib/libQt6Xml.prl
2026-09-04 22:27:24,085 - aqt.updater - INFO - updater 138513664504320 Patching /tmp/qt6/6.7.3/gcc_64/lib/libQt6XcbQpa.prl
2026-09-04 22:27:24,085 - aqt.updater - INFO - updater 138513664504320 Patching /tmp/qt6/6.7.3/gcc_64/lib/libQt6Widgets.prl
2026-09-04 22:27:24,085 - aqt.updater - INFO - updater 138513664504320 Patching /tmp/qt6/6.7.3/gcc_64/lib/libQt6Test.prl
2026-09-04 22:27:24,085 - aqt.updater - INFO - updater 138513664504320 Patching /tmp/qt6/6.7.3/gcc_64/lib/libQt6Sql.prl
2026-09-04 22:27:24,085 - aqt.updater - INFO - updater 138513664504320 Patching /tmp/qt6/6.7.3/gcc_64/lib/libQt6PrintSupport.prl
2026-09-04 22:27:24,085 - aqt.updater - INFO - updater 138513664504320 Patching /tmp/qt6/6.7.3/gcc_64/lib/libQt6OpenGLWidgets.prl
2026-09-04 22:27:24,085 - aqt.updater - INFO - updater 138513664504320 Patching /tmp/qt6/6.7.3/gcc_64/lib/libQt6OpenGL.prl
2026-09-04 22:27:24,086 - aqt.updater - INFO - updater 138513664504320 Patching /tmp/qt6/6.7.3/gcc_64/lib/libQt6Network.prl
2026-09-04 22:27:24,086 - aqt.updater - INFO - updater 138513664504320 Patching /tmp/qt6/6.7.3/gcc_64/lib/libQt6KmsSupport.prl
2026-09-04 22:27:24,086 - aqt.updater - INFO - updater 138513664504320 Patching /tmp/qt6/6.7.3/gcc_64/lib/libQt6InputSupport.prl
2026-09-04 22:27:24,086 - aqt.updater - INFO - updater 138513664504320 Patching /tmp/qt6/6.7.3/gcc_64/lib/libQt6Gui.prl
2026-09-04 22:27:24,086 - aqt.updater - INFO - updater 138513664504320 Patching /tmp/qt6/6.7.3/gcc_64/lib/libQt6FbSupport.prl
2026-09-04 22:27:24,086 - aqt.updater - INFO - updater 138513664504320 Patching /tmp/qt6/6.7.3/gcc_64/lib/libQt6ExampleIcons.prl
2026-09-04 22:27:24,086 - aqt.updater - INFO - updater 138513664504320 Patching /tmp/qt6/6.7.3/gcc_64/lib/libQt6EglFsKmsSupport.prl
2026-09-04 22:27:24,087 - aqt.updater - INFO - updater 138513664504320 Patching /tmp/qt6/6.7.3/gcc_64/lib/libQt6EglFsKmsGbmSupport.prl
2026-09-04 22:27:24,087 - aqt.updater - INFO - updater 138513664504320 Patching /tmp/qt6/6.7.3/gcc_64/lib/libQt6EglFSDeviceIntegration.prl
2026-09-04 22:27:24,087 - aqt.updater - INFO - updater 138513664504320 Patching /tmp/qt6/6.7.3/gcc_64/lib/libQt6DeviceDiscoverySupport.prl
2026-09-04 22:27:24,087 - aqt.updater - INFO - updater 138513664504320 Patching /tmp/qt6/6.7.3/gcc_64/lib/libQt6DBus.prl
2026-09-04 22:27:24,087 - aqt.updater - INFO - updater 138513664504320 Patching /tmp/qt6/6.7.3/gcc_64/lib/libQt6Core.prl
2026-09-04 22:27:24,087 - aqt.updater - INFO - updater 138513664504320 Patching /tmp/qt6/6.7.3/gcc_64/lib/libQt6Concurrent.prl
2026-09-04 22:27:24,087 - aqt.updater - INFO - updater 138513664504320 Patching /tmp/qt6/6.7.3/gcc_64/lib/libQt6SvgWidgets.prl
2026-09-04 22:27:24,087 - aqt.updater - INFO - updater 138513664504320 Patching /tmp/qt6/6.7.3/gcc_64/lib/libQt6Svg.prl
2026-09-04 22:27:24,088 - aqt.main - INFO - installer 138513664504320 Finished installation
2026-09-04 22:27:24,088 - aqt.main - INFO - installer 138513664504320 Time elapsed: 76.35366974 second
2026-09-04 23:23:50,804 - aqt.main - INFO - installer 136773164814848 aqtinstall(aqt) v3.3.0 on Python 3.14.4 [CPython GCC 15.2.0]
2026-09-04 23:23:50,804 - aqt.helper - DEBUG - helper 136773164814848 Attempt to download checksum at https://download.qt.io/online/qtsdkrepository/linux_x64/desktop/qt6_673/Updates.xml.sha256
2026-09-04 23:23:53,323 - aqt.helper - DEBUG - helper 139563882648064 Attempt to download checksum at https://download.qt.io/online/qtsdkrepository/linux_x64/desktop/qt6_673/qt.qt6.673.addons.qtimageformats.linux_gcc_64/6.7.3-0-202409200836qtimageformats-Linux-RHEL_8_8-GCC-Linux-RHEL_8_8-X86_64.7z.sha256
2026-09-04 23:23:53,323 - aqt.helper - DEBUG - helper 138569675497984 Attempt to download checksum at https://download.qt.io/online/qtsdkrepository/linux_x64/desktop/qt6_673/qt.qt6.673.linux_gcc_64/6.7.3-0-202409200836qtsvg-Linux-RHEL_8_8-GCC-Linux-RHEL_8_8-X86_64.7z.sha256
2026-09-04 23:23:53,323 - aqt.helper - DEBUG - helper 133887768400384 Attempt to download checksum at https://download.qt.io/online/qtsdkrepository/linux_x64/desktop/qt6_673/qt.qt6.673.linux_gcc_64/6.7.3-0-202409200836qtbase-Linux-RHEL_8_8-GCC-Linux-RHEL_8_8-X86_64.7z.sha256
2026-09-04 23:23:53,325 - aqt.helper - DEBUG - helper 127360715510272 Attempt to download checksum at https://download.qt.io/online/qtsdkrepository/linux_x64/desktop/qt6_673/qt.qt6.673.linux_gcc_64/6.7.3-0-202409200836qtdeclarative-Linux-RHEL_8_8-GCC-Linux-RHEL_8_8-X86_64.7z.sha256
2026-09-04 23:23:54,257 - aqt.helper - INFO - helper 138569675497984 Downloading qtsvg...
2026-09-04 23:23:54,257 - aqt.helper - INFO - helper 127360715510272 Downloading qtdeclarative...
2026-09-04 23:23:54,257 - aqt.installer - DEBUG - installer 127360715510272 Download URL: https://download.qt.io/online/qtsdkrepository/linux_x64/desktop/qt6_673/qt.qt6.673.linux_gcc_64/6.7.3-0-202409200836qtdeclarative-Linux-RHEL_8_8-GCC-Linux-RHEL_8_8-X86_64.7z
2026-09-04 23:23:54,257 - aqt.installer - DEBUG - installer 138569675497984 Download URL: https://download.qt.io/online/qtsdkrepository/linux_x64/desktop/qt6_673/qt.qt6.673.linux_gcc_64/6.7.3-0-202409200836qtsvg-Linux-RHEL_8_8-GCC-Linux-RHEL_8_8-X86_64.7z
2026-09-04 23:23:54,300 - aqt.helper - INFO - helper 139563882648064 Downloading qtimageformats...
2026-09-04 23:23:54,301 - aqt.installer - DEBUG - installer 139563882648064 Download URL: https://download.qt.io/online/qtsdkrepository/linux_x64/desktop/qt6_673/qt.qt6.673.addons.qtimageformats.linux_gcc_64/6.7.3-0-202409200836qtimageformats-Linux-RHEL_8_8-GCC-Linux-RHEL_8_8-X86_64.7z
2026-09-04 23:23:54,343 - aqt.helper - INFO - helper 133887768400384 Downloading qtbase...
2026-09-04 23:23:54,343 - aqt.installer - DEBUG - installer 133887768400384 Download URL: https://download.qt.io/online/qtsdkrepository/linux_x64/desktop/qt6_673/qt.qt6.673.linux_gcc_64/6.7.3-0-202409200836qtbase-Linux-RHEL_8_8-GCC-Linux-RHEL_8_8-X86_64.7z
2026-09-04 23:23:55,122 - aqt.helper - DEBUG - helper 127360715510272 Asked to redirect(302) to: https://mirror.maeen.sa/qtproject/online/qtsdkrepository/linux_x64/desktop/qt6_673/qt.qt6.673.linux_gcc_64/6.7.3-0-202409200836qtdeclarative-Linux-RHEL_8_8-GCC-Linux-RHEL_8_8-X86_64.7z
2026-09-04 23:23:55,123 - aqt.helper - INFO - helper 127360715510272 Redirected: mirror.maeen.sa
2026-09-04 23:23:55,127 - aqt.helper - DEBUG - helper 138569675497984 Asked to redirect(302) to: https://mirror.maeen.sa/qtproject/online/qtsdkrepository/linux_x64/desktop/qt6_673/qt.qt6.673.linux_gcc_64/6.7.3-0-202409200836qtsvg-Linux-RHEL_8_8-GCC-Linux-RHEL_8_8-X86_64.7z
2026-09-04 23:23:55,128 - aqt.helper - INFO - helper 138569675497984 Redirected: mirror.maeen.sa
2026-09-04 23:23:55,175 - aqt.helper - DEBUG - helper 139563882648064 Asked to redirect(302) to: https://mirror.maeen.sa/qtproject/online/qtsdkrepository/linux_x64/desktop/qt6_673/qt.qt6.673.addons.qtimageformats.linux_gcc_64/6.7.3-0-202409200836qtimageformats-Linux-RHEL_8_8-GCC-Linux-RHEL_8_8-X86_64.7z
2026-09-04 23:23:55,175 - aqt.helper - INFO - helper 139563882648064 Redirected: mirror.maeen.sa
2026-09-04 23:23:55,238 - aqt.helper - DEBUG - helper 133887768400384 Asked to redirect(302) to: https://mirror.maeen.sa/qtproject/online/qtsdkrepository/linux_x64/desktop/qt6_673/qt.qt6.673.linux_gcc_64/6.7.3-0-202409200836qtbase-Linux-RHEL_8_8-GCC-Linux-RHEL_8_8-X86_64.7z
2026-09-04 23:23:55,239 - aqt.helper - INFO - helper 133887768400384 Redirected: mirror.maeen.sa
2026-09-04 23:23:58,518 - aqt.installer - INFO - installer 138569675497984 Finished installation of qtsvg-Linux-RHEL_8_8-GCC-Linux-RHEL_8_8-X86_64.7z in 5.19627724
2026-09-04 23:23:58,532 - aqt.helper - DEBUG - helper 138569675497984 Attempt to download checksum at https://download.qt.io/online/qtsdkrepository/linux_x64/desktop/qt6_673/qt.qt6.673.linux_gcc_64/6.7.3-0-202409200836qttools-Linux-RHEL_8_8-GCC-Linux-RHEL_8_8-X86_64.7z.sha256
2026-09-04 23:23:58,951 - aqt.installer - INFO - installer 139563882648064 Finished installation of qtimageformats-Linux-RHEL_8_8-GCC-Linux-RHEL_8_8-X86_64.7z in 5.62997431
2026-09-04 23:23:58,965 - aqt.helper - DEBUG - helper 139563882648064 Attempt to download checksum at https://download.qt.io/online/qtsdkrepository/linux_x64/desktop/qt6_673/qt.qt6.673.linux_gcc_64/6.7.3-0-202409200836qttranslations-Linux-RHEL_8_8-GCC-Linux-RHEL_8_8-X86_64.7z.sha256
2026-09-04 23:24:01,566 - aqt.helper - INFO - helper 138569675497984 Downloading qttools...
2026-09-04 23:24:01,566 - aqt.installer - DEBUG - installer 138569675497984 Download URL: https://download.qt.io/online/qtsdkrepository/linux_x64/desktop/qt6_673/qt.qt6.673.linux_gcc_64/6.7.3-0-202409200836qttools-Linux-RHEL_8_8-GCC-Linux-RHEL_8_8-X86_64.7z
2026-09-04 23:24:02,190 - aqt.helper - INFO - helper 139563882648064 Downloading qttranslations...
2026-09-04 23:24:02,190 - aqt.installer - DEBUG - installer 139563882648064 Download URL: https://download.qt.io/online/qtsdkrepository/linux_x64/desktop/qt6_673/qt.qt6.673.linux_gcc_64/6.7.3-0-202409200836qttranslations-Linux-RHEL_8_8-GCC-Linux-RHEL_8_8-X86_64.7z
2026-09-04 23:24:05,350 - aqt.helper - DEBUG - helper 138569675497984 Asked to redirect(302) to: https://mirror.maeen.sa/qtproject/online/qtsdkrepository/linux_x64/desktop/qt6_673/qt.qt6.673.linux_gcc_64/6.7.3-0-202409200836qttools-Linux-RHEL_8_8-GCC-Linux-RHEL_8_8-X86_64.7z
2026-09-04 23:24:05,351 - aqt.helper - INFO - helper 138569675497984 Redirected: mirror.maeen.sa
2026-09-04 23:24:06,141 - aqt.helper - DEBUG - helper 139563882648064 Asked to redirect(302) to: https://mirror.maeen.sa/qtproject/online/qtsdkrepository/linux_x64/desktop/qt6_673/qt.qt6.673.linux_gcc_64/6.7.3-0-202409200836qttranslations-Linux-RHEL_8_8-GCC-Linux-RHEL_8_8-X86_64.7z
2026-09-04 23:24:06,141 - aqt.helper - INFO - helper 139563882648064 Redirected: mirror.maeen.sa
2026-09-04 23:24:09,234 - aqt.installer - INFO - installer 133887768400384 Finished installation of qtbase-Linux-RHEL_8_8-GCC-Linux-RHEL_8_8-X86_64.7z in 15.91260137
2026-09-04 23:24:09,255 - aqt.helper - DEBUG - helper 133887768400384 Attempt to download checksum at https://download.qt.io/online/qtsdkrepository/linux_x64/desktop/qt6_673/qt.qt6.673.linux_gcc_64/6.7.3-0-202409200836qtwayland-Linux-RHEL_8_8-GCC-Linux-RHEL_8_8-X86_64.7z.sha256
2026-09-04 23:24:10,925 - aqt.helper - INFO - helper 133887768400384 Downloading qtwayland...
2026-09-04 23:24:10,925 - aqt.installer - DEBUG - installer 133887768400384 Download URL: https://download.qt.io/online/qtsdkrepository/linux_x64/desktop/qt6_673/qt.qt6.673.linux_gcc_64/6.7.3-0-202409200836qtwayland-Linux-RHEL_8_8-GCC-Linux-RHEL_8_8-X86_64.7z
2026-09-04 23:24:12,900 - aqt.helper - DEBUG - helper 133887768400384 Asked to redirect(302) to: https://mirror.maeen.sa/qtproject/online/qtsdkrepository/linux_x64/desktop/qt6_673/qt.qt6.673.linux_gcc_64/6.7.3-0-202409200836qtwayland-Linux-RHEL_8_8-GCC-Linux-RHEL_8_8-X86_64.7z
2026-09-04 23:24:12,900 - aqt.helper - INFO - helper 133887768400384 Redirected: mirror.maeen.sa
2026-09-04 23:24:19,649 - aqt.installer - INFO - installer 133887768400384 Finished installation of qtwayland-Linux-RHEL_8_8-GCC-Linux-RHEL_8_8-X86_64.7z in 10.39524843
2026-09-04 23:24:19,660 - aqt.helper - DEBUG - helper 133887768400384 Attempt to download checksum at https://download.qt.io/online/qtsdkrepository/linux_x64/desktop/qt6_673/qt.qt6.673.linux_gcc_64/6.7.3-0-202409200836icu-linux-Rhel8.6-x86_64.7z.sha256
2026-09-04 23:24:23,665 - aqt.helper - INFO - helper 133887768400384 Downloading icu...
2026-09-04 23:24:23,666 - aqt.installer - DEBUG - installer 133887768400384 Download URL: https://download.qt.io/online/qtsdkrepository/linux_x64/desktop/qt6_673/qt.qt6.673.linux_gcc_64/6.7.3-0-202409200836icu-linux-Rhel8.6-x86_64.7z
2026-09-04 23:24:24,892 - aqt.installer - INFO - installer 139563882648064 Finished installation of qttranslations-Linux-RHEL_8_8-GCC-Linux-RHEL_8_8-X86_64.7z in 25.92904978
2026-09-04 23:24:47,517 - aqt.installer - INFO - installer 138569675497984 Finished installation of qttools-Linux-RHEL_8_8-GCC-Linux-RHEL_8_8-X86_64.7z in 48.98832086
2026-09-04 23:24:48,642 - aqt.helper - DEBUG - helper 133887768400384 Asked to redirect(302) to: https://mirror.maeen.sa/qtproject/online/qtsdkrepository/linux_x64/desktop/qt6_673/qt.qt6.673.linux_gcc_64/6.7.3-0-202409200836icu-linux-Rhel8.6-x86_64.7z
2026-09-04 23:24:48,642 - aqt.helper - INFO - helper 133887768400384 Redirected: mirror.maeen.sa
2026-09-04 23:25:12,889 - aqt.installer - INFO - installer 127360715510272 Finished installation of qtdeclarative-Linux-RHEL_8_8-GCC-Linux-RHEL_8_8-X86_64.7z in 79.56464543
2026-09-04 23:25:16,054 - aqt.installer - INFO - installer 133887768400384 Finished installation of icu-linux-Rhel8.6-x86_64.7z in 56.39467732
2026-09-04 23:25:16,704 - aqt.updater - INFO - updater 136773164814848 Patching /tmp/qt6/6.7.3/gcc_64/bin/qmake
2026-09-04 23:25:16,710 - aqt.updater - INFO - updater 136773164814848 Patching /tmp/qt6/6.7.3/gcc_64/lib/pkgconfig/Qt6QuickWidgets.pc
2026-09-04 23:25:16,710 - aqt.updater - INFO - updater 136773164814848 Patching /tmp/qt6/6.7.3/gcc_64/lib/pkgconfig/Qt6QuickTest.pc
2026-09-04 23:25:16,710 - aqt.updater - INFO - updater 136773164814848 Patching /tmp/qt6/6.7.3/gcc_64/lib/pkgconfig/Qt6QuickTemplates2.pc
2026-09-04 23:25:16,711 - aqt.updater - INFO - updater 136773164814848 Patching /tmp/qt6/6.7.3/gcc_64/lib/pkgconfig/Qt6QuickLayouts.pc
2026-09-04 23:25:16,711 - aqt.updater - INFO - updater 136773164814848 Patching /tmp/qt6/6.7.3/gcc_64/lib/pkgconfig/Qt6QuickDialogs2Utils.pc
2026-09-04 23:25:16,711 - aqt.updater - INFO - updater 136773164814848 Patching /tmp/qt6/6.7.3/gcc_64/lib/pkgconfig/Qt6QuickDialogs2QuickImpl.pc
2026-09-04 23:25:16,711 - aqt.updater - INFO - updater 136773164814848 Patching /tmp/qt6/6.7.3/gcc_64/lib/pkgconfig/Qt6QuickDialogs2.pc
2026-09-04 23:25:16,711 - aqt.updater - INFO - updater 136773164814848 Patching /tmp/qt6/6.7.3/gcc_64/lib/pkgconfig/Qt6QuickControls2UniversalStyleImpl.pc
2026-09-04 23:25:16,711 - aqt.updater - INFO - updater 136773164814848 Patching /tmp/qt6/6.7.3/gcc_64/lib/pkgconfig/Qt6QuickControls2Universal.pc
2026-09-04 23:25:16,712 - aqt.updater - INFO - updater 136773164814848 Patching /tmp/qt6/6.7.3/gcc_64/lib/pkgconfig/Qt6QuickControls2MaterialStyleImpl.pc
2026-09-04 23:25:16,712 - aqt.updater - INFO - updater 136773164814848 Patching /tmp/qt6/6.7.3/gcc_64/lib/pkgconfig/Qt6QuickControls2Material.pc
2026-09-04 23:25:16,713 - aqt.updater - INFO - updater 136773164814848 Patching /tmp/qt6/6.7.3/gcc_64/lib/pkgconfig/Qt6QuickControls2Impl.pc
2026-09-04 23:25:16,713 - aqt.updater - INFO - updater 136773164814848 Patching /tmp/qt6/6.7.3/gcc_64/lib/pkgconfig/Qt6QuickControls2ImagineStyleImpl.pc
2026-09-04 23:25:16,713 - aqt.updater - INFO - updater 136773164814848 Patching /tmp/qt6/6.7.3/gcc_64/lib/pkgconfig/Qt6QuickControls2Imagine.pc
2026-09-04 23:25:16,713 - aqt.updater - INFO - updater 136773164814848 Patching /tmp/qt6/6.7.3/gcc_64/lib/pkgconfig/Qt6QuickControls2FusionStyleImpl.pc
2026-09-04 23:25:16,713 - aqt.updater - INFO - updater 136773164814848 Patching /tmp/qt6/6.7.3/gcc_64/lib/pkgconfig/Qt6QuickControls2Fusion.pc
2026-09-04 23:25:16,714 - aqt.updater - INFO - updater 136773164814848 Patching /tmp/qt6/6.7.3/gcc_64/lib/pkgconfig/Qt6QuickControls2BasicStyleImpl.pc
2026-09-04 23:25:16,714 - aqt.updater - INFO - updater 136773164814848 Patching /tmp/qt6/6.7.3/gcc_64/lib/pkgconfig/Qt6QuickControls2Basic.pc
2026-09-04 23:25:16,714 - aqt.updater - INFO - updater 136773164814848 Patching /tmp/qt6/6.7.3/gcc_64/lib/pkgconfig/Qt6QuickControls2.pc
2026-09-04 23:25:16,714 - aqt.updater - INFO - updater 136773164814848 Patching /tmp/qt6/6.7.3/gcc_64/lib/pkgconfig/Qt6Quick.pc
2026-09-04 23:25:16,714 - aqt.updater - INFO - updater 136773164814848 Patching /tmp/qt6/6.7.3/gcc_64/lib/pkgconfig/Qt6QmlXmlListModel.pc
2026-09-04 23:25:16,714 - aqt.updater - INFO - updater 136773164814848 Patching /tmp/qt6/6.7.3/gcc_64/lib/pkgconfig/Qt6QmlWorkerScript.pc
2026-09-04 23:25:16,715 - aqt.updater - INFO - updater 136773164814848 Patching /tmp/qt6/6.7.3/gcc_64/lib/pkgconfig/Qt6QmlNetwork.pc
2026-09-04 23:25:16,715 - aqt.updater - INFO - updater 136773164814848 Patching /tmp/qt6/6.7.3/gcc_64/lib/pkgconfig/Qt6QmlModels.pc
2026-09-04 23:25:16,715 - aqt.updater - INFO - updater 136773164814848 Patching /tmp/qt6/6.7.3/gcc_64/lib/pkgconfig/Qt6QmlLocalStorage.pc
2026-09-04 23:25:16,715 - aqt.updater - INFO - updater 136773164814848 Patching /tmp/qt6/6.7.3/gcc_64/lib/pkgconfig/Qt6QmlIntegration.pc
2026-09-04 23:25:16,715 - aqt.updater - INFO - updater 136773164814848 Patching /tmp/qt6/6.7.3/gcc_64/lib/pkgconfig/Qt6QmlCore.pc
2026-09-04 23:25:16,715 - aqt.updater - INFO - updater 136773164814848 Patching /tmp/qt6/6.7.3/gcc_64/lib/pkgconfig/Qt6QmlCompiler.pc
2026-09-04 23:25:16,715 - aqt.updater - INFO - updater 136773164814848 Patching /tmp/qt6/6.7.3/gcc_64/lib/pkgconfig/Qt6QmlBuiltins.pc
2026-09-04 23:25:16,715 - aqt.updater - INFO - updater 136773164814848 Patching /tmp/qt6/6.7.3/gcc_64/lib/pkgconfig/Qt6Qml.pc
2026-09-04 23:25:16,715 - aqt.updater - INFO - updater 136773164814848 Patching /tmp/qt6/6.7.3/gcc_64/lib/pkgconfig/Qt6LabsWavefrontMesh.pc
2026-09-04 23:25:16,715 - aqt.updater - INFO - updater 136773164814848 Patching /tmp/qt6/6.7.3/gcc_64/lib/pkgconfig/Qt6LabsSharedImage.pc
2026-09-04 23:25:16,716 - aqt.updater - INFO - updater 136773164814848 Patching /tmp/qt6/6.7.3/gcc_64/lib/pkgconfig/Qt6LabsSettings.pc
2026-09-04 23:25:16,716 - aqt.updater - INFO - updater 136773164814848 Patching /tmp/qt6/6.7.3/gcc_64/lib/pkgconfig/Qt6LabsQmlModels.pc
2026-09-04 23:25:16,716 - aqt.updater - INFO - updater 136773164814848 Patching /tmp/qt6/6.7.3/gcc_64/lib/pkgconfig/Qt6LabsFolderListModel.pc
2026-09-04 23:25:16,716 - aqt.updater - INFO - updater 136773164814848 Patching /tmp/qt6/6.7.3/gcc_64/lib/pkgconfig/Qt6LabsAnimation.pc
2026-09-04 23:25:16,716 - aqt.updater - INFO - updater 136773164814848 Patching /tmp/qt6/6.7.3/gcc_64/lib/pkgconfig/Qt6UiTools.pc
2026-09-04 23:25:16,716 - aqt.updater - INFO - updater 136773164814848 Patching /tmp/qt6/6.7.3/gcc_64/lib/pkgconfig/Qt6UiPlugin.pc
2026-09-04 23:25:16,716 - aqt.updater - INFO - updater 136773164814848 Patching /tmp/qt6/6.7.3/gcc_64/lib/pkgconfig/Qt6Linguist.pc
2026-09-04 23:25:16,716 - aqt.updater - INFO - updater 136773164814848 Patching /tmp/qt6/6.7.3/gcc_64/lib/pkgconfig/Qt6Help.pc
2026-09-04 23:25:16,716 - aqt.updater - INFO - updater 136773164814848 Patching /tmp/qt6/6.7.3/gcc_64/lib/pkgconfig/Qt6Designer.pc
2026-09-04 23:25:16,716 - aqt.updater - INFO - updater 136773164814848 Patching /tmp/qt6/6.7.3/gcc_64/lib/pkgconfig/Qt6WaylandClient.pc
2026-09-04 23:25:16,716 - aqt.updater - INFO - updater 136773164814848 Patching /tmp/qt6/6.7.3/gcc_64/lib/pkgconfig/Qt6Xml.pc
2026-09-04 23:25:16,716 - aqt.updater - INFO - updater 136773164814848 Patching /tmp/qt6/6.7.3/gcc_64/lib/pkgconfig/Qt6Widgets.pc
2026-09-04 23:25:16,716 - aqt.updater - INFO - updater 136773164814848 Patching /tmp/qt6/6.7.3/gcc_64/lib/pkgconfig/Qt6Test.pc
2026-09-04 23:25:16,716 - aqt.updater - INFO - updater 136773164814848 Patching /tmp/qt6/6.7.3/gcc_64/lib/pkgconfig/Qt6Sql.pc
2026-09-04 23:25:16,716 - aqt.updater - INFO - updater 136773164814848 Patching /tmp/qt6/6.7.3/gcc_64/lib/pkgconfig/Qt6PrintSupport.pc
2026-09-04 23:25:16,717 - aqt.updater - INFO - updater 136773164814848 Patching /tmp/qt6/6.7.3/gcc_64/lib/pkgconfig/Qt6Platform.pc
2026-09-04 23:25:16,717 - aqt.updater - INFO - updater 136773164814848 Patching /tmp/qt6/6.7.3/gcc_64/lib/pkgconfig/Qt6OpenGLWidgets.pc
2026-09-04 23:25:16,717 - aqt.updater - INFO - updater 136773164814848 Patching /tmp/qt6/6.7.3/gcc_64/lib/pkgconfig/Qt6OpenGL.pc
2026-09-04 23:25:16,717 - aqt.updater - INFO - updater 136773164814848 Patching /tmp/qt6/6.7.3/gcc_64/lib/pkgconfig/Qt6Network.pc
2026-09-04 23:25:16,717 - aqt.updater - INFO - updater 136773164814848 Patching /tmp/qt6/6.7.3/gcc_64/lib/pkgconfig/Qt6Gui.pc
2026-09-04 23:25:16,717 - aqt.updater - INFO - updater 136773164814848 Patching /tmp/qt6/6.7.3/gcc_64/lib/pkgconfig/Qt6DBus.pc
2026-09-04 23:25:16,717 - aqt.updater - INFO - updater 136773164814848 Patching /tmp/qt6/6.7.3/gcc_64/lib/pkgconfig/Qt6Core.pc
2026-09-04 23:25:16,717 - aqt.updater - INFO - updater 136773164814848 Patching /tmp/qt6/6.7.3/gcc_64/lib/pkgconfig/Qt6Concurrent.pc
2026-09-04 23:25:16,717 - aqt.updater - INFO - updater 136773164814848 Patching /tmp/qt6/6.7.3/gcc_64/lib/pkgconfig/Qt6SvgWidgets.pc
2026-09-04 23:25:16,717 - aqt.updater - INFO - updater 136773164814848 Patching /tmp/qt6/6.7.3/gcc_64/lib/pkgconfig/Qt6Svg.pc
2026-09-04 23:25:16,718 - aqt.updater - INFO - updater 136773164814848 Patching /tmp/qt6/6.7.3/gcc_64/lib/libQt6QuickWidgets.prl
2026-09-04 23:25:16,718 - aqt.updater - INFO - updater 136773164814848 Patching /tmp/qt6/6.7.3/gcc_64/lib/libQt6QuickTestUtils.prl
2026-09-04 23:25:16,718 - aqt.updater - INFO - updater 136773164814848 Patching /tmp/qt6/6.7.3/gcc_64/lib/libQt6QuickTest.prl
2026-09-04 23:25:16,718 - aqt.updater - INFO - updater 136773164814848 Patching /tmp/qt6/6.7.3/gcc_64/lib/libQt6QuickTemplates2.prl
2026-09-04 23:25:16,718 - aqt.updater - INFO - updater 136773164814848 Patching /tmp/qt6/6.7.3/gcc_64/lib/libQt6QuickShapes.prl
2026-09-04 23:25:16,718 - aqt.updater - INFO - updater 136773164814848 Patching /tmp/qt6/6.7.3/gcc_64/lib/libQt6QuickParticles.prl
2026-09-04 23:25:16,718 - aqt.updater - INFO - updater 136773164814848 Patching /tmp/qt6/6.7.3/gcc_64/lib/libQt6QuickLayouts.prl
2026-09-04 23:25:16,718 - aqt.updater - INFO - updater 136773164814848 Patching /tmp/qt6/6.7.3/gcc_64/lib/libQt6QuickEffects.prl
2026-09-04 23:25:16,718 - aqt.updater - INFO - updater 136773164814848 Patching /tmp/qt6/6.7.3/gcc_64/lib/libQt6QuickDialogs2Utils.prl
2026-09-04 23:25:16,718 - aqt.updater - INFO - updater 136773164814848 Patching /tmp/qt6/6.7.3/gcc_64/lib/libQt6QuickDialogs2QuickImpl.prl
2026-09-04 23:25:16,718 - aqt.updater - INFO - updater 136773164814848 Patching /tmp/qt6/6.7.3/gcc_64/lib/libQt6QuickDialogs2.prl
2026-09-04 23:25:16,718 - aqt.updater - INFO - updater 136773164814848 Patching /tmp/qt6/6.7.3/gcc_64/lib/libQt6QuickControlsTestUtils.prl
2026-09-04 23:25:16,718 - aqt.updater - INFO - updater 136773164814848 Patching /tmp/qt6/6.7.3/gcc_64/lib/libQt6QuickControls2UniversalStyleImpl.prl
2026-09-04 23:25:16,719 - aqt.updater - INFO - updater 136773164814848 Patching /tmp/qt6/6.7.3/gcc_64/lib/libQt6QuickControls2Universal.prl
2026-09-04 23:25:16,719 - aqt.updater - INFO - updater 136773164814848 Patching /tmp/qt6/6.7.3/gcc_64/lib/libQt6QuickControls2MaterialStyleImpl.prl
2026-09-04 23:25:16,719 - aqt.updater - INFO - updater 136773164814848 Patching /tmp/qt6/6.7.3/gcc_64/lib/libQt6QuickControls2Material.prl
2026-09-04 23:25:16,719 - aqt.updater - INFO - updater 136773164814848 Patching /tmp/qt6/6.7.3/gcc_64/lib/libQt6QuickControls2Impl.prl
2026-09-04 23:25:16,719 - aqt.updater - INFO - updater 136773164814848 Patching /tmp/qt6/6.7.3/gcc_64/lib/libQt6QuickControls2ImagineStyleImpl.prl
2026-09-04 23:25:16,719 - aqt.updater - INFO - updater 136773164814848 Patching /tmp/qt6/6.7.3/gcc_64/lib/libQt6QuickControls2Imagine.prl
2026-09-04 23:25:16,719 - aqt.updater - INFO - updater 136773164814848 Patching /tmp/qt6/6.7.3/gcc_64/lib/libQt6QuickControls2FusionStyleImpl.prl
2026-09-04 23:25:16,719 - aqt.updater - INFO - updater 136773164814848 Patching /tmp/qt6/6.7.3/gcc_64/lib/libQt6QuickControls2Fusion.prl
2026-09-04 23:25:16,719 - aqt.updater - INFO - updater 136773164814848 Patching /tmp/qt6/6.7.3/gcc_64/lib/libQt6QuickControls2BasicStyleImpl.prl
2026-09-04 23:25:16,719 - aqt.updater - INFO - updater 136773164814848 Patching /tmp/qt6/6.7.3/gcc_64/lib/libQt6QuickControls2Basic.prl
2026-09-04 23:25:16,719 - aqt.updater - INFO - updater 136773164814848 Patching /tmp/qt6/6.7.3/gcc_64/lib/libQt6QuickControls2.prl
2026-09-04 23:25:16,719 - aqt.updater - INFO - updater 136773164814848 Patching /tmp/qt6/6.7.3/gcc_64/lib/libQt6Quick.prl
2026-09-04 23:25:16,719 - aqt.updater - INFO - updater 136773164814848 Patching /tmp/qt6/6.7.3/gcc_64/lib/libQt6QmlXmlListModel.prl
2026-09-04 23:25:16,719 - aqt.updater - INFO - updater 136773164814848 Patching /tmp/qt6/6.7.3/gcc_64/lib/libQt6QmlWorkerScript.prl
2026-09-04 23:25:16,719 - aqt.updater - INFO - updater 136773164814848 Patching /tmp/qt6/6.7.3/gcc_64/lib/libQt6QmlTypeRegistrar.prl
2026-09-04 23:25:16,719 - aqt.updater - INFO - updater 136773164814848 Patching /tmp/qt6/6.7.3/gcc_64/lib/libQt6QmlToolingSettings.prl
2026-09-04 23:25:16,719 - aqt.updater - INFO - updater 136773164814848 Patching /tmp/qt6/6.7.3/gcc_64/lib/libQt6QmlNetwork.prl
2026-09-04 23:25:16,720 - aqt.updater - INFO - updater 136773164814848 Patching /tmp/qt6/6.7.3/gcc_64/lib/libQt6QmlModels.prl
2026-09-04 23:25:16,720 - aqt.updater - INFO - updater 136773164814848 Patching /tmp/qt6/6.7.3/gcc_64/lib/libQt6QmlLocalStorage.prl
2026-09-04 23:25:16,720 - aqt.updater - INFO - updater 136773164814848 Patching /tmp/qt6/6.7.3/gcc_64/lib/libQt6QmlLS.prl
2026-09-04 23:25:16,720 - aqt.updater - INFO - updater 136773164814848 Patching /tmp/qt6/6.7.3/gcc_64/lib/libQt6QmlDom.prl
2026-09-04 23:25:16,720 - aqt.updater - INFO - updater 136773164814848 Patching /tmp/qt6/6.7.3/gcc_64/lib/libQt6QmlDebug.prl
2026-09-04 23:25:16,720 - aqt.updater - INFO - updater 136773164814848 Patching /tmp/qt6/6.7.3/gcc_64/lib/libQt6QmlCore.prl
2026-09-04 23:25:16,720 - aqt.updater - INFO - updater 136773164814848 Patching /tmp/qt6/6.7.3/gcc_64/lib/libQt6QmlCompiler.prl
2026-09-04 23:25:16,720 - aqt.updater - INFO - updater 136773164814848 Patching /tmp/qt6/6.7.3/gcc_64/lib/libQt6QmlBuiltins.prl
2026-09-04 23:25:16,720 - aqt.updater - INFO - updater 136773164814848 Patching /tmp/qt6/6.7.3/gcc_64/lib/libQt6Qml.prl
2026-09-04 23:25:16,720 - aqt.updater - INFO - updater 136773164814848 Patching /tmp/qt6/6.7.3/gcc_64/lib/libQt6PacketProtocol.prl
2026-09-04 23:25:16,720 - aqt.updater - INFO - updater 136773164814848 Patching /tmp/qt6/6.7.3/gcc_64/lib/libQt6LabsWavefrontMesh.prl
2026-09-04 23:25:16,720 - aqt.updater - INFO - updater 136773164814848 Patching /tmp/qt6/6.7.3/gcc_64/lib/libQt6LabsSharedImage.prl
2026-09-04 23:25:16,720 - aqt.updater - INFO - updater 136773164814848 Patching /tmp/qt6/6.7.3/gcc_64/lib/libQt6LabsSettings.prl
2026-09-04 23:25:16,720 - aqt.updater - INFO - updater 136773164814848 Patching /tmp/qt6/6.7.3/gcc_64/lib/libQt6LabsQmlModels.prl
2026-09-04 23:25:16,720 - aqt.updater - INFO - updater 136773164814848 Patching /tmp/qt6/6.7.3/gcc_64/lib/libQt6LabsFolderListModel.prl
2026-09-04 23:25:16,720 - aqt.updater - INFO - updater 136773164814848 Patching /tmp/qt6/6.7.3/gcc_64/lib/libQt6LabsAnimation.prl
2026-09-04 23:25:16,721 - aqt.updater - INFO - updater 136773164814848 Patching /tmp/qt6/6.7.3/gcc_64/lib/libQt6UiTools.prl
2026-09-04 23:25:16,721 - aqt.updater - INFO - updater 136773164814848 Patching /tmp/qt6/6.7.3/gcc_64/lib/libQt6Help.prl
2026-09-04 23:25:16,721 - aqt.updater - INFO - updater 136773164814848 Patching /tmp/qt6/6.7.3/gcc_64/lib/libQt6DesignerComponents.prl
2026-09-04 23:25:16,721 - aqt.updater - INFO - updater 136773164814848 Patching /tmp/qt6/6.7.3/gcc_64/lib/libQt6Designer.prl
2026-09-04 23:25:16,721 - aqt.updater - INFO - updater 136773164814848 Patching /tmp/qt6/6.7.3/gcc_64/lib/libQt6WlShellIntegration.prl
2026-09-04 23:25:16,721 - aqt.updater - INFO - updater 136773164814848 Patching /tmp/qt6/6.7.3/gcc_64/lib/libQt6WaylandEglClientHwIntegration.prl
2026-09-04 23:25:16,721 - aqt.updater - INFO - updater 136773164814848 Patching /tmp/qt6/6.7.3/gcc_64/lib/libQt6WaylandClient.prl
2026-09-04 23:25:16,721 - aqt.updater - INFO - updater 136773164814848 Patching /tmp/qt6/6.7.3/gcc_64/lib/libQt6Xml.prl
2026-09-04 23:25:16,721 - aqt.updater - INFO - updater 136773164814848 Patching /tmp/qt6/6.7.3/gcc_64/lib/libQt6XcbQpa.prl
2026-09-04 23:25:16,721 - aqt.updater - INFO - updater 136773164814848 Patching /tmp/qt6/6.7.3/gcc_64/lib/libQt6Widgets.prl
2026-09-04 23:25:16,721 - aqt.updater - INFO - updater 136773164814848 Patching /tmp/qt6/6.7.3/gcc_64/lib/libQt6Test.prl
2026-09-04 23:25:16,721 - aqt.updater - INFO - updater 136773164814848 Patching /tmp/qt6/6.7.3/gcc_64/lib/libQt6Sql.prl
2026-09-04 23:25:16,721 - aqt.updater - INFO - updater 136773164814848 Patching /tmp/qt6/6.7.3/gcc_64/lib/libQt6PrintSupport.prl
2026-09-04 23:25:16,721 - aqt.updater - INFO - updater 136773164814848 Patching /tmp/qt6/6.7.3/gcc_64/lib/libQt6OpenGLWidgets.prl
2026-09-04 23:25:16,721 - aqt.updater - INFO - updater 136773164814848 Patching /tmp/qt6/6.7.3/gcc_64/lib/libQt6OpenGL.prl
2026-09-04 23:25:16,722 - aqt.updater - INFO - updater 136773164814848 Patching /tmp/qt6/6.7.3/gcc_64/lib/libQt6Network.prl
2026-09-04 23:25:16,722 - aqt.updater - INFO - updater 136773164814848 Patching /tmp/qt6/6.7.3/gcc_64/lib/libQt6KmsSupport.prl
2026-09-04 23:25:16,722 - aqt.updater - INFO - updater 136773164814848 Patching /tmp/qt6/6.7.3/gcc_64/lib/libQt6InputSupport.prl
2026-09-04 23:25:16,722 - aqt.updater - INFO - updater 136773164814848 Patching /tmp/qt6/6.7.3/gcc_64/lib/libQt6Gui.prl
2026-09-04 23:25:16,722 - aqt.updater - INFO - updater 136773164814848 Patching /tmp/qt6/6.7.3/gcc_64/lib/libQt6FbSupport.prl
2026-09-04 23:25:16,722 - aqt.updater - INFO - updater 136773164814848 Patching /tmp/qt6/6.7.3/gcc_64/lib/libQt6ExampleIcons.prl
2026-09-04 23:25:16,722 - aqt.updater - INFO - updater 136773164814848 Patching /tmp/qt6/6.7.3/gcc_64/lib/libQt6EglFsKmsSupport.prl
2026-09-04 23:25:16,722 - aqt.updater - INFO - updater 136773164814848 Patching /tmp/qt6/6.7.3/gcc_64/lib/libQt6EglFsKmsGbmSupport.prl
2026-09-04 23:25:16,722 - aqt.updater - INFO - updater 136773164814848 Patching /tmp/qt6/6.7.3/gcc_64/lib/libQt6EglFSDeviceIntegration.prl
2026-09-04 23:25:16,722 - aqt.updater - INFO - updater 136773164814848 Patching /tmp/qt6/6.7.3/gcc_64/lib/libQt6DeviceDiscoverySupport.prl
2026-09-04 23:25:16,722 - aqt.updater - INFO - updater 136773164814848 Patching /tmp/qt6/6.7.3/gcc_64/lib/libQt6DBus.prl
2026-09-04 23:25:16,722 - aqt.updater - INFO - updater 136773164814848 Patching /tmp/qt6/6.7.3/gcc_64/lib/libQt6Core.prl
2026-09-04 23:25:16,722 - aqt.updater - INFO - updater 136773164814848 Patching /tmp/qt6/6.7.3/gcc_64/lib/libQt6Concurrent.prl
2026-09-04 23:25:16,722 - aqt.updater - INFO - updater 136773164814848 Patching /tmp/qt6/6.7.3/gcc_64/lib/libQt6SvgWidgets.prl
2026-09-04 23:25:16,723 - aqt.updater - INFO - updater 136773164814848 Patching /tmp/qt6/6.7.3/gcc_64/lib/libQt6Svg.prl
2026-09-04 23:25:16,723 - aqt.main - INFO - installer 136773164814848 Finished installation
2026-09-04 23:25:16,723 - aqt.main - INFO - installer 136773164814848 Time elapsed: 85.91905969 second
